22:53:15 **** Incremental Build of configuration Debug for project 3rd ****
make -j8 all 
arm-none-eabi-gcc "../Core/Src/fnd_controller.c" -mcpu=cortex-m3 -std=gnu11 -g3 -DDEBUG -DUSE_HAL_DRIVER -DSTM32F103xB -c -I../Core/Inc -I../Drivers/STM32F1xx_HAL_Driver/Inc -I../Drivers/STM32F1xx_HAL_Driver/Inc/Legacy -I../Drivers/CMSIS/Device/ST/STM32F1xx/Include -I../Drivers/CMSIS/Include -I"F:/projectWork/3rd/3rd/Core/Lib/Inc" -O0 -ffunction-sections -fdata-sections -Wall -fstack-usage -MMD -MP -MF"Core/Src/fnd_controller.d" -MT"Core/Src/fnd_controller.o" --specs=nano.specs -mfloat-abi=soft -mthumb -o "Core/Src/fnd_controller.o"
../Core/Src/fnd_controller.c: In function 'digit4_show':
../Core/Src/fnd_controller.c:78:20: warning: suggest parentheses around comparison in operand of '|' [-Wparentheses]
   78 |   if (showZero | n > 9)
      |                  ~~^~~
../Core/Src/fnd_controller.c:80:20: warning: suggest parentheses around comparison in operand of '|' [-Wparentheses]
   80 |   if (showZero | n > 99)
      |                  ~~^~~~
../Core/Src/fnd_controller.c:82:20: warning: suggest parentheses around comparison in operand of '|' [-Wparentheses]
   82 |   if (showZero | n > 999)
      |                  ~~^~~~~
arm-none-eabi-gcc -o "3rd.elf" @"objects.list"   -mcpu=cortex-m3 -T"F:\projectWork\3rd\3rd\STM32F103C8TX_FLASH.ld" --specs=nosys.specs -Wl,-Map="3rd.map" -Wl,--gc-sections -static -u _printf_float --specs=nano.specs -mfloat-abi=soft -mthumb -Wl,--start-group -lc -lm -Wl,--end-group
Finished building target: 3rd.elf
 
arm-none-eabi-size   3rd.elf 
arm-none-eabi-objdump -h -S  3rd.elf  > "3rd.list"
arm-none-eabi-objcopy  -O binary  3rd.elf  "3rd.bin"
   text	   data	    bss	    dec	    hex	filename
  23700	    484	   1852	  26036	   65b4	3rd.elf
Finished building: default.size.stdout
 
Finished building: 3rd.bin
 
Finished building: 3rd.list
 
22:53:43 **** Incremental Build of configuration Debug for project 3rd ****
make -j8 all 
arm-none-eabi-gcc "../Core/Src/fnd_controller.c" -mcpu=cortex-m3 -std=gnu11 -g3 -DDEBUG -DUSE_HAL_DRIVER -DSTM32F103xB -c -I../Core/Inc -I../Drivers/STM32F1xx_HAL_Driver/Inc -I../Drivers/STM32F1xx_HAL_Driver/Inc/Legacy -I../Drivers/CMSIS/Device/ST/STM32F1xx/Include -I../Drivers/CMSIS/Include -I"F:/projectWork/3rd/3rd/Core/Lib/Inc" -O0 -ffunction-sections -fdata-sections -Wall -fstack-usage -MMD -MP -MF"Core/Src/fnd_controller.d" -MT"Core/Src/fnd_controller.o" --specs=nano.specs -mfloat-abi=soft -mthumb -o "Core/Src/fnd_controller.o"
../Core/Src/fnd_controller.c: In function 'digit4_show':
../Core/Src/fnd_controller.c:78:20: warning: suggest parentheses around comparison in operand of '|' [-Wparentheses]
   78 |   if (showZero | n > 9){
      |                  ~~^~~
../Core/Src/fnd_controller.c:81:20: warning: suggest parentheses around comparison in operand of '|' [-Wparentheses]
   81 |   if (showZero | n > 99){
      |                  ~~^~~~
../Core/Src/fnd_controller.c:84:20: warning: suggest parentheses around comparison in operand of '|' [-Wparentheses]
   84 |   if (showZero | n > 999){
      |                  ~~^~~~~
arm-none-eabi-gcc -o "3rd.elf" @"objects.list"   -mcpu=cortex-m3 -T"F:\projectWork\3rd\3rd\STM32F103C8TX_FLASH.ld" --specs=nosys.specs -Wl,-Map="3rd.map" -Wl,--gc-sections -static -u _printf_float --specs=nano.specs -mfloat-abi=soft -mthumb -Wl,--start-group -lc -lm -Wl,--end-group
Finished building target: 3rd.elf
 
arm-none-eabi-size   3rd.elf 
arm-none-eabi-objdump -h -S  3rd.elf  > "3rd.list"
   text	   data	    bss	    dec	    hex	filename
  23700	    484	   1852	  26036	   65b4	3rd.elf
arm-none-eabi-objcopy  -O binary  3rd.elf  "3rd.bin"
Finished building: default.size.stdout
 
Finished building: 3rd.bin
 
Finished building: 3rd.list
 
22:54:02 **** Incremental Build of configuration Debug for project 3rd ****
make -j8 all 
arm-none-eabi-size   3rd.elf 
   text	   data	    bss	    dec	    hex	filename
  23700	    484	   1852	  26036	   65b4	3rd.elf
Finished building: default.size.stdout
 
22:54:07 **** Incremental Build of configuration Debug for project 3rd ****
make -j8 all 
arm-none-eabi-size   3rd.elf 
   text	   data	    bss	    dec	    hex	filename
  23700	    484	   1852	  26036	   65b4	3rd.elf
Finished building: default.size.stdout
 
22:56:11 **** Incremental Build of configuration Debug for project 3rd ****
make -j8 all 
arm-none-eabi-gcc "../Core/Src/fnd_controller.c" -mcpu=cortex-m3 -std=gnu11 -g3 -DDEBUG -DUSE_HAL_DRIVER -DSTM32F103xB -c -I../Core/Inc -I../Drivers/STM32F1xx_HAL_Driver/Inc -I../Drivers/STM32F1xx_HAL_Driver/Inc/Legacy -I../Drivers/CMSIS/Device/ST/STM32F1xx/Include -I../Drivers/CMSIS/Include -I"F:/projectWork/3rd/3rd/Core/Lib/Inc" -O0 -ffunction-sections -fdata-sections -Wall -fstack-usage -MMD -MP -MF"Core/Src/fnd_controller.d" -MT"Core/Src/fnd_controller.o" --specs=nano.specs -mfloat-abi=soft -mthumb -o "Core/Src/fnd_controller.o"
../Core/Src/fnd_controller.c: In function 'digit4_show':
../Core/Src/fnd_controller.c:72:20: warning: suggest parentheses around comparison in operand of '|' [-Wparentheses]
   72 |   if (showZero | n > 9){
      |                  ~~^~~
../Core/Src/fnd_controller.c:75:20: warning: suggest parentheses around comparison in operand of '|' [-Wparentheses]
   75 |   if (showZero | n > 99){
      |                  ~~^~~~
../Core/Src/fnd_controller.c:78:20: warning: suggest parentheses around comparison in operand of '|' [-Wparentheses]
   78 |   if (showZero | n > 999){
      |                  ~~^~~~~
arm-none-eabi-gcc -o "3rd.elf" @"objects.list"   -mcpu=cortex-m3 -T"F:\projectWork\3rd\3rd\STM32F103C8TX_FLASH.ld" --specs=nosys.specs -Wl,-Map="3rd.map" -Wl,--gc-sections -static -u _printf_float --specs=nano.specs -mfloat-abi=soft -mthumb -Wl,--start-group -lc -lm -Wl,--end-group
Finished building target: 3rd.elf
 
arm-none-eabi-size   3rd.elf 
arm-none-eabi-objdump -h -S  3rd.elf  > "3rd.list"
   text	   data	    bss	    dec	    hex	filename
  23708	    484	   1852	  26044	   65bc	3rd.elf
arm-none-eabi-objcopy  -O binary  3rd.elf  "3rd.bin"
Finished building: default.size.stdout
 
Finished building: 3rd.bin
Finished building: 3rd.list
 
 
22:58:08 **** Incremental Build of configuration Debug for project 3rd ****
make -j8 all 
arm-none-eabi-gcc "../Drivers/STM32F1xx_HAL_Driver/Src/stm32f1xx_hal.c" -mcpu=cortex-m3 -std=gnu11 -g3 -DDEBUG -DUSE_HAL_DRIVER -DSTM32F103xB -c -I../Core/Inc -I../Drivers/STM32F1xx_HAL_Driver/Inc -I../Drivers/STM32F1xx_HAL_Driver/Inc/Legacy -I../Drivers/CMSIS/Device/ST/STM32F1xx/Include -I../Drivers/CMSIS/Include -O0 -ffunction-sections -fdata-sections -Wall -fstack-usage -MMD -MP -MF"Drivers/STM32F1xx_HAL_Driver/Src/stm32f1xx_hal.d" -MT"Drivers/STM32F1xx_HAL_Driver/Src/stm32f1xx_hal.o" --specs=nano.specs -mfloat-abi=soft -mthumb -o "Drivers/STM32F1xx_HAL_Driver/Src/stm32f1xx_hal.o"
arm-none-eabi-gcc "../Drivers/STM32F1xx_HAL_Driver/Src/stm32f1xx_hal_cortex.c" -mcpu=cortex-m3 -std=gnu11 -g3 -DDEBUG -DUSE_HAL_DRIVER -DSTM32F103xB -c -I../Core/Inc -I../Drivers/STM32F1xx_HAL_Driver/Inc -I../Drivers/STM32F1xx_HAL_Driver/Inc/Legacy -I../Drivers/CMSIS/Device/ST/STM32F1xx/Include -I../Drivers/CMSIS/Include -O0 -ffunction-sections -fdata-sections -Wall -fstack-usage -MMD -MP -MF"Drivers/STM32F1xx_HAL_Driver/Src/stm32f1xx_hal_cortex.d" -MT"Drivers/STM32F1xx_HAL_Driver/Src/stm32f1xx_hal_cortex.o" --specs=nano.specs -mfloat-abi=soft -mthumb -o "Drivers/STM32F1xx_HAL_Driver/Src/stm32f1xx_hal_cortex.o"
arm-none-eabi-gcc "../Drivers/STM32F1xx_HAL_Driver/Src/stm32f1xx_hal_dma.c" -mcpu=cortex-m3 -std=gnu11 -g3 -DDEBUG -DUSE_HAL_DRIVER -DSTM32F103xB -c -I../Core/Inc -I../Drivers/STM32F1xx_HAL_Driver/Inc -I../Drivers/STM32F1xx_HAL_Driver/Inc/Legacy -I../Drivers/CMSIS/Device/ST/STM32F1xx/Include -I../Drivers/CMSIS/Include -O0 -ffunction-sections -fdata-sections -Wall -fstack-usage -MMD -MP -MF"Drivers/STM32F1xx_HAL_Driver/Src/stm32f1xx_hal_dma.d" -MT"Drivers/STM32F1xx_HAL_Driver/Src/stm32f1xx_hal_dma.o" --specs=nano.specs -mfloat-abi=soft -mthumb -o "Drivers/STM32F1xx_HAL_Driver/Src/stm32f1xx_hal_dma.o"
arm-none-eabi-gcc "../Drivers/STM32F1xx_HAL_Driver/Src/stm32f1xx_hal_exti.c" -mcpu=cortex-m3 -std=gnu11 -g3 -DDEBUG -DUSE_HAL_DRIVER -DSTM32F103xB -c -I../Core/Inc -I../Drivers/STM32F1xx_HAL_Driver/Inc -I../Drivers/STM32F1xx_HAL_Driver/Inc/Legacy -I../Drivers/CMSIS/Device/ST/STM32F1xx/Include -I../Drivers/CMSIS/Include -O0 -ffunction-sections -fdata-sections -Wall -fstack-usage -MMD -MP -MF"Drivers/STM32F1xx_HAL_Driver/Src/stm32f1xx_hal_exti.d" -MT"Drivers/STM32F1xx_HAL_Driver/Src/stm32f1xx_hal_exti.o" --specs=nano.specs -mfloat-abi=soft -mthumb -o "Drivers/STM32F1xx_HAL_Driver/Src/stm32f1xx_hal_exti.o"
arm-none-eabi-gcc "../Drivers/STM32F1xx_HAL_Driver/Src/stm32f1xx_hal_flash.c" -mcpu=cortex-m3 -std=gnu11 -g3 -DDEBUG -DUSE_HAL_DRIVER -DSTM32F103xB -c -I../Core/Inc -I../Drivers/STM32F1xx_HAL_Driver/Inc -I../Drivers/STM32F1xx_HAL_Driver/Inc/Legacy -I../Drivers/CMSIS/Device/ST/STM32F1xx/Include -I../Drivers/CMSIS/Include -O0 -ffunction-sections -fdata-sections -Wall -fstack-usage -MMD -MP -MF"Drivers/STM32F1xx_HAL_Driver/Src/stm32f1xx_hal_flash.d" -MT"Drivers/STM32F1xx_HAL_Driver/Src/stm32f1xx_hal_flash.o" --specs=nano.specs -mfloat-abi=soft -mthumb -o "Drivers/STM32F1xx_HAL_Driver/Src/stm32f1xx_hal_flash.o"
arm-none-eabi-gcc "../Drivers/STM32F1xx_HAL_Driver/Src/stm32f1xx_hal_flash_ex.c" -mcpu=cortex-m3 -std=gnu11 -g3 -DDEBUG -DUSE_HAL_DRIVER -DSTM32F103xB -c -I../Core/Inc -I../Drivers/STM32F1xx_HAL_Driver/Inc -I../Drivers/STM32F1xx_HAL_Driver/Inc/Legacy -I../Drivers/CMSIS/Device/ST/STM32F1xx/Include -I../Drivers/CMSIS/Include -O0 -ffunction-sections -fdata-sections -Wall -fstack-usage -MMD -MP -MF"Drivers/STM32F1xx_HAL_Driver/Src/stm32f1xx_hal_flash_ex.d" -MT"Drivers/STM32F1xx_HAL_Driver/Src/stm32f1xx_hal_flash_ex.o" --specs=nano.specs -mfloat-abi=soft -mthumb -o "Drivers/STM32F1xx_HAL_Driver/Src/stm32f1xx_hal_flash_ex.o"
arm-none-eabi-gcc "../Drivers/STM32F1xx_HAL_Driver/Src/stm32f1xx_hal_gpio.c" -mcpu=cortex-m3 -std=gnu11 -g3 -DDEBUG -DUSE_HAL_DRIVER -DSTM32F103xB -c -I../Core/Inc -I../Drivers/STM32F1xx_HAL_Driver/Inc -I../Drivers/STM32F1xx_HAL_Driver/Inc/Legacy -I../Drivers/CMSIS/Device/ST/STM32F1xx/Include -I../Drivers/CMSIS/Include -O0 -ffunction-sections -fdata-sections -Wall -fstack-usage -MMD -MP -MF"Drivers/STM32F1xx_HAL_Driver/Src/stm32f1xx_hal_gpio.d" -MT"Drivers/STM32F1xx_HAL_Driver/Src/stm32f1xx_hal_gpio.o" --specs=nano.specs -mfloat-abi=soft -mthumb -o "Drivers/STM32F1xx_HAL_Driver/Src/stm32f1xx_hal_gpio.o"
arm-none-eabi-gcc "../Drivers/STM32F1xx_HAL_Driver/Src/stm32f1xx_hal_gpio_ex.c" -mcpu=cortex-m3 -std=gnu11 -g3 -DDEBUG -DUSE_HAL_DRIVER -DSTM32F103xB -c -I../Core/Inc -I../Drivers/STM32F1xx_HAL_Driver/Inc -I../Drivers/STM32F1xx_HAL_Driver/Inc/Legacy -I../Drivers/CMSIS/Device/ST/STM32F1xx/Include -I../Drivers/CMSIS/Include -O0 -ffunction-sections -fdata-sections -Wall -fstack-usage -MMD -MP -MF"Drivers/STM32F1xx_HAL_Driver/Src/stm32f1xx_hal_gpio_ex.d" -MT"Drivers/STM32F1xx_HAL_Driver/Src/stm32f1xx_hal_gpio_ex.o" --specs=nano.specs -mfloat-abi=soft -mthumb -o "Drivers/STM32F1xx_HAL_Driver/Src/stm32f1xx_hal_gpio_ex.o"
arm-none-eabi-gcc "../Drivers/STM32F1xx_HAL_Driver/Src/stm32f1xx_hal_pwr.c" -mcpu=cortex-m3 -std=gnu11 -g3 -DDEBUG -DUSE_HAL_DRIVER -DSTM32F103xB -c -I../Core/Inc -I../Drivers/STM32F1xx_HAL_Driver/Inc -I../Drivers/STM32F1xx_HAL_Driver/Inc/Legacy -I../Drivers/CMSIS/Device/ST/STM32F1xx/Include -I../Drivers/CMSIS/Include -O0 -ffunction-sections -fdata-sections -Wall -fstack-usage -MMD -MP -MF"Drivers/STM32F1xx_HAL_Driver/Src/stm32f1xx_hal_pwr.d" -MT"Drivers/STM32F1xx_HAL_Driver/Src/stm32f1xx_hal_pwr.o" --specs=nano.specs -mfloat-abi=soft -mthumb -o "Drivers/STM32F1xx_HAL_Driver/Src/stm32f1xx_hal_pwr.o"
arm-none-eabi-gcc "../Drivers/STM32F1xx_HAL_Driver/Src/stm32f1xx_hal_rcc.c" -mcpu=cortex-m3 -std=gnu11 -g3 -DDEBUG -DUSE_HAL_DRIVER -DSTM32F103xB -c -I../Core/Inc -I../Drivers/STM32F1xx_HAL_Driver/Inc -I../Drivers/STM32F1xx_HAL_Driver/Inc/Legacy -I../Drivers/CMSIS/Device/ST/STM32F1xx/Include -I../Drivers/CMSIS/Include -O0 -ffunction-sections -fdata-sections -Wall -fstack-usage -MMD -MP -MF"Drivers/STM32F1xx_HAL_Driver/Src/stm32f1xx_hal_rcc.d" -MT"Drivers/STM32F1xx_HAL_Driver/Src/stm32f1xx_hal_rcc.o" --specs=nano.specs -mfloat-abi=soft -mthumb -o "Drivers/STM32F1xx_HAL_Driver/Src/stm32f1xx_hal_rcc.o"
arm-none-eabi-gcc "../Drivers/STM32F1xx_HAL_Driver/Src/stm32f1xx_hal_rcc_ex.c" -mcpu=cortex-m3 -std=gnu11 -g3 -DDEBUG -DUSE_HAL_DRIVER -DSTM32F103xB -c -I../Core/Inc -I../Drivers/STM32F1xx_HAL_Driver/Inc -I../Drivers/STM32F1xx_HAL_Driver/Inc/Legacy -I../Drivers/CMSIS/Device/ST/STM32F1xx/Include -I../Drivers/CMSIS/Include -O0 -ffunction-sections -fdata-sections -Wall -fstack-usage -MMD -MP -MF"Drivers/STM32F1xx_HAL_Driver/Src/stm32f1xx_hal_rcc_ex.d" -MT"Drivers/STM32F1xx_HAL_Driver/Src/stm32f1xx_hal_rcc_ex.o" --specs=nano.specs -mfloat-abi=soft -mthumb -o "Drivers/STM32F1xx_HAL_Driver/Src/stm32f1xx_hal_rcc_ex.o"
arm-none-eabi-gcc "../Drivers/STM32F1xx_HAL_Driver/Src/stm32f1xx_hal_tim.c" -mcpu=cortex-m3 -std=gnu11 -g3 -DDEBUG -DUSE_HAL_DRIVER -DSTM32F103xB -c -I../Core/Inc -I../Drivers/STM32F1xx_HAL_Driver/Inc -I../Drivers/STM32F1xx_HAL_Driver/Inc/Legacy -I../Drivers/CMSIS/Device/ST/STM32F1xx/Include -I../Drivers/CMSIS/Include -O0 -ffunction-sections -fdata-sections -Wall -fstack-usage -MMD -MP -MF"Drivers/STM32F1xx_HAL_Driver/Src/stm32f1xx_hal_tim.d" -MT"Drivers/STM32F1xx_HAL_Driver/Src/stm32f1xx_hal_tim.o" --specs=nano.specs -mfloat-abi=soft -mthumb -o "Drivers/STM32F1xx_HAL_Driver/Src/stm32f1xx_hal_tim.o"
arm-none-eabi-gcc "../Drivers/STM32F1xx_HAL_Driver/Src/stm32f1xx_hal_tim_ex.c" -mcpu=cortex-m3 -std=gnu11 -g3 -DDEBUG -DUSE_HAL_DRIVER -DSTM32F103xB -c -I../Core/Inc -I../Drivers/STM32F1xx_HAL_Driver/Inc -I../Drivers/STM32F1xx_HAL_Driver/Inc/Legacy -I../Drivers/CMSIS/Device/ST/STM32F1xx/Include -I../Drivers/CMSIS/Include -O0 -ffunction-sections -fdata-sections -Wall -fstack-usage -MMD -MP -MF"Drivers/STM32F1xx_HAL_Driver/Src/stm32f1xx_hal_tim_ex.d" -MT"Drivers/STM32F1xx_HAL_Driver/Src/stm32f1xx_hal_tim_ex.o" --specs=nano.specs -mfloat-abi=soft -mthumb -o "Drivers/STM32F1xx_HAL_Driver/Src/stm32f1xx_hal_tim_ex.o"
arm-none-eabi-gcc "../Drivers/STM32F1xx_HAL_Driver/Src/stm32f1xx_hal_uart.c" -mcpu=cortex-m3 -std=gnu11 -g3 -DDEBUG -DUSE_HAL_DRIVER -DSTM32F103xB -c -I../Core/Inc -I../Drivers/STM32F1xx_HAL_Driver/Inc -I../Drivers/STM32F1xx_HAL_Driver/Inc/Legacy -I../Drivers/CMSIS/Device/ST/STM32F1xx/Include -I../Drivers/CMSIS/Include -O0 -ffunction-sections -fdata-sections -Wall -fstack-usage -MMD -MP -MF"Drivers/STM32F1xx_HAL_Driver/Src/stm32f1xx_hal_uart.d" -MT"Drivers/STM32F1xx_HAL_Driver/Src/stm32f1xx_hal_uart.o" --specs=nano.specs -mfloat-abi=soft -mthumb -o "Drivers/STM32F1xx_HAL_Driver/Src/stm32f1xx_hal_uart.o"
arm-none-eabi-gcc "../Core/Src/fnd_controller.c" -mcpu=cortex-m3 -std=gnu11 -g3 -DDEBUG -DUSE_HAL_DRIVER -DSTM32F103xB -c -I../Core/Inc -I../Drivers/STM32F1xx_HAL_Driver/Inc -I../Drivers/STM32F1xx_HAL_Driver/Inc/Legacy -I../Drivers/CMSIS/Device/ST/STM32F1xx/Include -I../Drivers/CMSIS/Include -I"F:/projectWork/3rd/3rd/Core/Lib/Inc" -O0 -ffunction-sections -fdata-sections -Wall -fstack-usage -MMD -MP -MF"Core/Src/fnd_controller.d" -MT"Core/Src/fnd_controller.o" --specs=nano.specs -mfloat-abi=soft -mthumb -o "Core/Src/fnd_controller.o"
arm-none-eabi-gcc "../Core/Src/heaterController.c" -mcpu=cortex-m3 -std=gnu11 -g3 -DDEBUG -DUSE_HAL_DRIVER -DSTM32F103xB -c -I../Core/Inc -I../Drivers/STM32F1xx_HAL_Driver/Inc -I../Drivers/STM32F1xx_HAL_Driver/Inc/Legacy -I../Drivers/CMSIS/Device/ST/STM32F1xx/Include -I../Drivers/CMSIS/Include -I"F:/projectWork/3rd/3rd/Core/Lib/Inc" -O0 -ffunction-sections -fdata-sections -Wall -fstack-usage -MMD -MP -MF"Core/Src/heaterController.d" -MT"Core/Src/heaterController.o" --specs=nano.specs -mfloat-abi=soft -mthumb -o "Core/Src/heaterController.o"
../Core/Src/fnd_controller.c: In function 'digit4_show':
../Core/Src/fnd_controller.c:72:20: warning: suggest parentheses around comparison in operand of '|' [-Wparentheses]
   72 |   if (showZero | n > 9){
      |                  ~~^~~
../Core/Src/fnd_controller.c:75:20: warning: suggest parentheses around comparison in operand of '|' [-Wparentheses]
   75 |   if (showZero | n > 99){
      |                  ~~^~~~
../Core/Src/fnd_controller.c:78:20: warning: suggest parentheses around comparison in operand of '|' [-Wparentheses]
   78 |   if (showZero | n > 999){
      |                  ~~^~~~~
arm-none-eabi-gcc "../Core/Src/main.c" -mcpu=cortex-m3 -std=gnu11 -g3 -DDEBUG -DUSE_HAL_DRIVER -DSTM32F103xB -c -I../Core/Inc -I../Drivers/STM32F1xx_HAL_Driver/Inc -I../Drivers/STM32F1xx_HAL_Driver/Inc/Legacy -I../Drivers/CMSIS/Device/ST/STM32F1xx/Include -I../Drivers/CMSIS/Include -I"F:/projectWork/3rd/3rd/Core/Lib/Inc" -O0 -ffunction-sections -fdata-sections -Wall -fstack-usage -MMD -MP -MF"Core/Src/main.d" -MT"Core/Src/main.o" --specs=nano.specs -mfloat-abi=soft -mthumb -o "Core/Src/main.o"
arm-none-eabi-gcc "../Core/Src/stm32f1xx_hal_msp.c" -mcpu=cortex-m3 -std=gnu11 -g3 -DDEBUG -DUSE_HAL_DRIVER -DSTM32F103xB -c -I../Core/Inc -I../Drivers/STM32F1xx_HAL_Driver/Inc -I../Drivers/STM32F1xx_HAL_Driver/Inc/Legacy -I../Drivers/CMSIS/Device/ST/STM32F1xx/Include -I../Drivers/CMSIS/Include -I"F:/projectWork/3rd/3rd/Core/Lib/Inc" -O0 -ffunction-sections -fdata-sections -Wall -fstack-usage -MMD -MP -MF"Core/Src/stm32f1xx_hal_msp.d" -MT"Core/Src/stm32f1xx_hal_msp.o" --specs=nano.specs -mfloat-abi=soft -mthumb -o "Core/Src/stm32f1xx_hal_msp.o"
arm-none-eabi-gcc "../Core/Src/stm32f1xx_it.c" -mcpu=cortex-m3 -std=gnu11 -g3 -DDEBUG -DUSE_HAL_DRIVER -DSTM32F103xB -c -I../Core/Inc -I../Drivers/STM32F1xx_HAL_Driver/Inc -I../Drivers/STM32F1xx_HAL_Driver/Inc/Legacy -I../Drivers/CMSIS/Device/ST/STM32F1xx/Include -I../Drivers/CMSIS/Include -I"F:/projectWork/3rd/3rd/Core/Lib/Inc" -O0 -ffunction-sections -fdata-sections -Wall -fstack-usage -MMD -MP -MF"Core/Src/stm32f1xx_it.d" -MT"Core/Src/stm32f1xx_it.o" --specs=nano.specs -mfloat-abi=soft -mthumb -o "Core/Src/stm32f1xx_it.o"
arm-none-eabi-gcc "../Core/Src/system_stm32f1xx.c" -mcpu=cortex-m3 -std=gnu11 -g3 -DDEBUG -DUSE_HAL_DRIVER -DSTM32F103xB -c -I../Core/Inc -I../Drivers/STM32F1xx_HAL_Driver/Inc -I../Drivers/STM32F1xx_HAL_Driver/Inc/Legacy -I../Drivers/CMSIS/Device/ST/STM32F1xx/Include -I../Drivers/CMSIS/Include -I"F:/projectWork/3rd/3rd/Core/Lib/Inc" -O0 -ffunction-sections -fdata-sections -Wall -fstack-usage -MMD -MP -MF"Core/Src/system_stm32f1xx.d" -MT"Core/Src/system_stm32f1xx.o" --specs=nano.specs -mfloat-abi=soft -mthumb -o "Core/Src/system_stm32f1xx.o"
arm-none-eabi-gcc "../Core/Lib/Src/ds18b20.c" -mcpu=cortex-m3 -std=gnu11 -g3 -DDEBUG -DUSE_HAL_DRIVER -DSTM32F103xB -c -I../Core/Inc -I../Drivers/STM32F1xx_HAL_Driver/Inc -I../Drivers/STM32F1xx_HAL_Driver/Inc/Legacy -I../Drivers/CMSIS/Device/ST/STM32F1xx/Include -I../Drivers/CMSIS/Include -I"F:/projectWork/3rd/3rd/Core/Lib/Inc" -O0 -ffunction-sections -fdata-sections -Wall -fstack-usage -MMD -MP -MF"Core/Lib/Src/ds18b20.d" -MT"Core/Lib/Src/ds18b20.o" --specs=nano.specs -mfloat-abi=soft -mthumb -o "Core/Lib/Src/ds18b20.o"
arm-none-eabi-gcc "../Core/Lib/Src/onewire.c" -mcpu=cortex-m3 -std=gnu11 -g3 -DDEBUG -DUSE_HAL_DRIVER -DSTM32F103xB -c -I../Core/Inc -I../Drivers/STM32F1xx_HAL_Driver/Inc -I../Drivers/STM32F1xx_HAL_Driver/Inc/Legacy -I../Drivers/CMSIS/Device/ST/STM32F1xx/Include -I../Drivers/CMSIS/Include -I"F:/projectWork/3rd/3rd/Core/Lib/Inc" -O0 -ffunction-sections -fdata-sections -Wall -fstack-usage -MMD -MP -MF"Core/Lib/Src/onewire.d" -MT"Core/Lib/Src/onewire.o" --specs=nano.specs -mfloat-abi=soft -mthumb -o "Core/Lib/Src/onewire.o"
arm-none-eabi-gcc -o "3rd.elf" @"objects.list"   -mcpu=cortex-m3 -T"F:\projectWork\3rd\3rd\STM32F103C8TX_FLASH.ld" --specs=nosys.specs -Wl,-Map="3rd.map" -Wl,--gc-sections -static -u _printf_float --specs=nano.specs -mfloat-abi=soft -mthumb -Wl,--start-group -lc -lm -Wl,--end-group
Finished building target: 3rd.elf
 
arm-none-eabi-size   3rd.elf 
arm-none-eabi-objdump -h -S  3rd.elf  > "3rd.list"
arm-none-eabi-objcopy  -O binary  3rd.elf  "3rd.bin"
   text	   data	    bss	    dec	    hex	filename
  23708	    484	   1852	  26044	   65bc	3rd.elf
Finished building: default.size.stdout
 
Finished building: 3rd.bin
 
Finished building: 3rd.list
 
23:00:45 **** Incremental Build of configuration Debug for project 3rd ****
make -j8 all 
arm-none-eabi-gcc "../Core/Src/fnd_controller.c" -mcpu=cortex-m3 -std=gnu11 -g3 -DDEBUG -DUSE_HAL_DRIVER -DSTM32F103xB -c -I../Core/Inc -I../Drivers/STM32F1xx_HAL_Driver/Inc -I../Drivers/STM32F1xx_HAL_Driver/Inc/Legacy -I../Drivers/CMSIS/Device/ST/STM32F1xx/Include -I../Drivers/CMSIS/Include -I"F:/projectWork/3rd/3rd/Core/Lib/Inc" -O0 -ffunction-sections -fdata-sections -Wall -fstack-usage -MMD -MP -MF"Core/Src/fnd_controller.d" -MT"Core/Src/fnd_controller.o" --specs=nano.specs -mfloat-abi=soft -mthumb -o "Core/Src/fnd_controller.o"
../Core/Src/fnd_controller.c: In function 'digit4_show':
../Core/Src/fnd_controller.c:72:20: warning: suggest parentheses around comparison in operand of '|' [-Wparentheses]
   72 |   if (showZero | n > 9){
      |                  ~~^~~
../Core/Src/fnd_controller.c:75:20: warning: suggest parentheses around comparison in operand of '|' [-Wparentheses]
   75 |   if (showZero | n > 99){
      |                  ~~^~~~
../Core/Src/fnd_controller.c:78:20: warning: suggest parentheses around comparison in operand of '|' [-Wparentheses]
   78 |   if (showZero | n > 999){
      |                  ~~^~~~~
../Core/Src/fnd_controller.c: In function 'digit4_temper':
../Core/Src/fnd_controller.c:86:18: warning: variable 'n4' set but not used [-Wunused-but-set-variable]
   86 |  int n1, n2, n3, n4;
      |                  ^~
arm-none-eabi-gcc -o "3rd.elf" @"objects.list"   -mcpu=cortex-m3 -T"F:\projectWork\3rd\3rd\STM32F103C8TX_FLASH.ld" --specs=nosys.specs -Wl,-Map="3rd.map" -Wl,--gc-sections -static -u _printf_float --specs=nano.specs -mfloat-abi=soft -mthumb -Wl,--start-group -lc -lm -Wl,--end-group
Finished building target: 3rd.elf
 
arm-none-eabi-size   3rd.elf 
arm-none-eabi-objdump -h -S  3rd.elf  > "3rd.list"
arm-none-eabi-objcopy  -O binary  3rd.elf  "3rd.bin"
   text	   data	    bss	    dec	    hex	filename
  23668	    484	   1852	  26004	   6594	3rd.elf
Finished building: default.size.stdout
 
Finished building: 3rd.bin
 
Finished building: 3rd.list
 
23:04:04 **** Incremental Build of configuration Debug for project 3rd ****
make -j8 all 
arm-none-eabi-gcc "../Core/Src/fnd_controller.c" -mcpu=cortex-m3 -std=gnu11 -g3 -DDEBUG -DUSE_HAL_DRIVER -DSTM32F103xB -c -I../Core/Inc -I../Drivers/STM32F1xx_HAL_Driver/Inc -I../Drivers/STM32F1xx_HAL_Driver/Inc/Legacy -I../Drivers/CMSIS/Device/ST/STM32F1xx/Include -I../Drivers/CMSIS/Include -I"F:/projectWork/3rd/3rd/Core/Lib/Inc" -O0 -ffunction-sections -fdata-sections -Wall -fstack-usage -MMD -MP -MF"Core/Src/fnd_controller.d" -MT"Core/Src/fnd_controller.o" --specs=nano.specs -mfloat-abi=soft -mthumb -o "Core/Src/fnd_controller.o"
../Core/Src/fnd_controller.c: In function 'digit4_show':
../Core/Src/fnd_controller.c:72:20: warning: suggest parentheses around comparison in operand of '|' [-Wparentheses]
   72 |   if (showZero | n > 9){
      |                  ~~^~~
../Core/Src/fnd_controller.c:75:20: warning: suggest parentheses around comparison in operand of '|' [-Wparentheses]
   75 |   if (showZero | n > 99){
      |                  ~~^~~~
../Core/Src/fnd_controller.c:78:20: warning: suggest parentheses around comparison in operand of '|' [-Wparentheses]
   78 |   if (showZero | n > 999){
      |                  ~~^~~~~
arm-none-eabi-gcc -o "3rd.elf" @"objects.list"   -mcpu=cortex-m3 -T"F:\projectWork\3rd\3rd\STM32F103C8TX_FLASH.ld" --specs=nosys.specs -Wl,-Map="3rd.map" -Wl,--gc-sections -static -u _printf_float --specs=nano.specs -mfloat-abi=soft -mthumb -Wl,--start-group -lc -lm -Wl,--end-group
Finished building target: 3rd.elf
 
arm-none-eabi-size   3rd.elf 
arm-none-eabi-objdump -h -S  3rd.elf  > "3rd.list"
arm-none-eabi-objcopy  -O binary  3rd.elf  "3rd.bin"
   text	   data	    bss	    dec	    hex	filename
  23756	    484	   1852	  26092	   65ec	3rd.elf
Finished building: default.size.stdout
 
Finished building: 3rd.bin
 
Finished building: 3rd.list
 
23:07:09 **** Incremental Build of configuration Debug for project 3rd ****
make -j8 all 
arm-none-eabi-gcc "../Core/Src/fnd_controller.c" -mcpu=cortex-m3 -std=gnu11 -g3 -DDEBUG -DUSE_HAL_DRIVER -DSTM32F103xB -c -I../Core/Inc -I../Drivers/STM32F1xx_HAL_Driver/Inc -I../Drivers/STM32F1xx_HAL_Driver/Inc/Legacy -I../Drivers/CMSIS/Device/ST/STM32F1xx/Include -I../Drivers/CMSIS/Include -I"F:/projectWork/3rd/3rd/Core/Lib/Inc" -O0 -ffunction-sections -fdata-sections -Wall -fstack-usage -MMD -MP -MF"Core/Src/fnd_controller.d" -MT"Core/Src/fnd_controller.o" --specs=nano.specs -mfloat-abi=soft -mthumb -o "Core/Src/fnd_controller.o"
../Core/Src/fnd_controller.c: In function 'digit4_show':
../Core/Src/fnd_controller.c:72:20: warning: suggest parentheses around comparison in operand of '|' [-Wparentheses]
   72 |   if (showZero | n > 9){
      |                  ~~^~~
../Core/Src/fnd_controller.c:75:20: warning: suggest parentheses around comparison in operand of '|' [-Wparentheses]
   75 |   if (showZero | n > 99){
      |                  ~~^~~~
../Core/Src/fnd_controller.c:78:20: warning: suggest parentheses around comparison in operand of '|' [-Wparentheses]
   78 |   if (showZero | n > 999){
      |                  ~~^~~~~
arm-none-eabi-gcc -o "3rd.elf" @"objects.list"   -mcpu=cortex-m3 -T"F:\projectWork\3rd\3rd\STM32F103C8TX_FLASH.ld" --specs=nosys.specs -Wl,-Map="3rd.map" -Wl,--gc-sections -static -u _printf_float --specs=nano.specs -mfloat-abi=soft -mthumb -Wl,--start-group -lc -lm -Wl,--end-group
Finished building target: 3rd.elf
 
arm-none-eabi-size   3rd.elf 
arm-none-eabi-objdump -h -S  3rd.elf  > "3rd.list"
arm-none-eabi-objcopy  -O binary  3rd.elf  "3rd.bin"
   text	   data	    bss	    dec	    hex	filename
  23756	    484	   1852	  26092	   65ec	3rd.elf
Finished building: default.size.stdout
 
Finished building: 3rd.bin
 
Finished building: 3rd.list
 
23:08:57 **** Incremental Build of configuration Debug for project 3rd ****
make -j8 all 
arm-none-eabi-gcc "../Core/Src/fnd_controller.c" -mcpu=cortex-m3 -std=gnu11 -g3 -DDEBUG -DUSE_HAL_DRIVER -DSTM32F103xB -c -I../Core/Inc -I../Drivers/STM32F1xx_HAL_Driver/Inc -I../Drivers/STM32F1xx_HAL_Driver/Inc/Legacy -I../Drivers/CMSIS/Device/ST/STM32F1xx/Include -I../Drivers/CMSIS/Include -I"F:/projectWork/3rd/3rd/Core/Lib/Inc" -O0 -ffunction-sections -fdata-sections -Wall -fstack-usage -MMD -MP -MF"Core/Src/fnd_controller.d" -MT"Core/Src/fnd_controller.o" --specs=nano.specs -mfloat-abi=soft -mthumb -o "Core/Src/fnd_controller.o"
../Core/Src/fnd_controller.c: In function 'digit4_show':
../Core/Src/fnd_controller.c:72:20: warning: suggest parentheses around comparison in operand of '|' [-Wparentheses]
   72 |   if (showZero | n > 9){
      |                  ~~^~~
../Core/Src/fnd_controller.c:75:20: warning: suggest parentheses around comparison in operand of '|' [-Wparentheses]
   75 |   if (showZero | n > 99){
      |                  ~~^~~~
../Core/Src/fnd_controller.c:78:20: warning: suggest parentheses around comparison in operand of '|' [-Wparentheses]
   78 |   if (showZero | n > 999){
      |                  ~~^~~~~
arm-none-eabi-gcc -o "3rd.elf" @"objects.list"   -mcpu=cortex-m3 -T"F:\projectWork\3rd\3rd\STM32F103C8TX_FLASH.ld" --specs=nosys.specs -Wl,-Map="3rd.map" -Wl,--gc-sections -static -u _printf_float --specs=nano.specs -mfloat-abi=soft -mthumb -Wl,--start-group -lc -lm -Wl,--end-group
Finished building target: 3rd.elf
 
arm-none-eabi-size   3rd.elf 
arm-none-eabi-objdump -h -S  3rd.elf  > "3rd.list"
arm-none-eabi-objcopy  -O binary  3rd.elf  "3rd.bin"
   text	   data	    bss	    dec	    hex	filename
  23764	    484	   1852	  26100	   65f4	3rd.elf
Finished building: default.size.stdout
 
Finished building: 3rd.bin
 
Finished building: 3rd.list
 
23:11:20 **** Incremental Build of configuration Debug for project 3rd ****
make -j8 all 
arm-none-eabi-gcc "../Core/Src/main.c" -mcpu=cortex-m3 -std=gnu11 -g3 -DDEBUG -DUSE_HAL_DRIVER -DSTM32F103xB -c -I../Core/Inc -I../Drivers/STM32F1xx_HAL_Driver/Inc -I../Drivers/STM32F1xx_HAL_Driver/Inc/Legacy -I../Drivers/CMSIS/Device/ST/STM32F1xx/Include -I../Drivers/CMSIS/Include -I"F:/projectWork/3rd/3rd/Core/Lib/Inc" -O0 -ffunction-sections -fdata-sections -Wall -fstack-usage -MMD -MP -MF"Core/Src/main.d" -MT"Core/Src/main.o" --specs=nano.specs -mfloat-abi=soft -mthumb -o "Core/Src/main.o"
arm-none-eabi-gcc "../Core/Src/stm32f1xx_it.c" -mcpu=cortex-m3 -std=gnu11 -g3 -DDEBUG -DUSE_HAL_DRIVER -DSTM32F103xB -c -I../Core/Inc -I../Drivers/STM32F1xx_HAL_Driver/Inc -I../Drivers/STM32F1xx_HAL_Driver/Inc/Legacy -I../Drivers/CMSIS/Device/ST/STM32F1xx/Include -I../Drivers/CMSIS/Include -I"F:/projectWork/3rd/3rd/Core/Lib/Inc" -O0 -ffunction-sections -fdata-sections -Wall -fstack-usage -MMD -MP -MF"Core/Src/stm32f1xx_it.d" -MT"Core/Src/stm32f1xx_it.o" --specs=nano.specs -mfloat-abi=soft -mthumb -o "Core/Src/stm32f1xx_it.o"
arm-none-eabi-gcc -o "3rd.elf" @"objects.list"   -mcpu=cortex-m3 -T"F:\projectWork\3rd\3rd\STM32F103C8TX_FLASH.ld" --specs=nosys.specs -Wl,-Map="3rd.map" -Wl,--gc-sections -static -u _printf_float --specs=nano.specs -mfloat-abi=soft -mthumb -Wl,--start-group -lc -lm -Wl,--end-group
Finished building target: 3rd.elf
 
arm-none-eabi-size   3rd.elf 
arm-none-eabi-objdump -h -S  3rd.elf  > "3rd.list"
   text	   data	    bss	    dec	    hex	filename
  28372	    484	   1892	  30748	   781c	3rd.elf
arm-none-eabi-objcopy  -O binary  3rd.elf  "3rd.bin"
Finished building: default.size.stdout
 
Finished building: 3rd.bin
 
Finished building: 3rd.list
 
23:17:06 **** Incremental Build of configuration Debug for project 3rd ****
make -j8 all 
arm-none-eabi-gcc "../Core/Src/main.c" -mcpu=cortex-m3 -std=gnu11 -g3 -DDEBUG -DUSE_HAL_DRIVER -DSTM32F103xB -c -I../Core/Inc -I../Drivers/STM32F1xx_HAL_Driver/Inc -I../Drivers/STM32F1xx_HAL_Driver/Inc/Legacy -I../Drivers/CMSIS/Device/ST/STM32F1xx/Include -I../Drivers/CMSIS/Include -I"F:/projectWork/3rd/3rd/Core/Lib/Inc" -O0 -ffunction-sections -fdata-sections -Wall -fstack-usage -MMD -MP -MF"Core/Src/main.d" -MT"Core/Src/main.o" --specs=nano.specs -mfloat-abi=soft -mthumb -o "Core/Src/main.o"
arm-none-eabi-gcc -o "3rd.elf" @"objects.list"   -mcpu=cortex-m3 -T"F:\projectWork\3rd\3rd\STM32F103C8TX_FLASH.ld" --specs=nosys.specs -Wl,-Map="3rd.map" -Wl,--gc-sections -static -u _printf_float --specs=nano.specs -mfloat-abi=soft -mthumb -Wl,--start-group -lc -lm -Wl,--end-group
Finished building target: 3rd.elf
 
arm-none-eabi-size   3rd.elf 
arm-none-eabi-objdump -h -S  3rd.elf  > "3rd.list"
   text	   data	    bss	    dec	    hex	filename
  26820	    484	   1892	  29196	   720c	3rd.elf
arm-none-eabi-objcopy  -O binary  3rd.elf  "3rd.bin"
Finished building: default.size.stdout
 
Finished building: 3rd.bin
 
Finished building: 3rd.list
 
23:17:23 **** Incremental Build of configuration Debug for project 3rd ****
make -j8 all 
arm-none-eabi-gcc "../Core/Src/main.c" -mcpu=cortex-m3 -std=gnu11 -g3 -DDEBUG -DUSE_HAL_DRIVER -DSTM32F103xB -c -I../Core/Inc -I../Drivers/STM32F1xx_HAL_Driver/Inc -I../Drivers/STM32F1xx_HAL_Driver/Inc/Legacy -I../Drivers/CMSIS/Device/ST/STM32F1xx/Include -I../Drivers/CMSIS/Include -I"F:/projectWork/3rd/3rd/Core/Lib/Inc" -O0 -ffunction-sections -fdata-sections -Wall -fstack-usage -MMD -MP -MF"Core/Src/main.d" -MT"Core/Src/main.o" --specs=nano.specs -mfloat-abi=soft -mthumb -o "Core/Src/main.o"
arm-none-eabi-gcc -o "3rd.elf" @"objects.list"   -mcpu=cortex-m3 -T"F:\projectWork\3rd\3rd\STM32F103C8TX_FLASH.ld" --specs=nosys.specs -Wl,-Map="3rd.map" -Wl,--gc-sections -static -u _printf_float --specs=nano.specs -mfloat-abi=soft -mthumb -Wl,--start-group -lc -lm -Wl,--end-group
Finished building target: 3rd.elf
 
arm-none-eabi-size   3rd.elf 
arm-none-eabi-objdump -h -S  3rd.elf  > "3rd.list"
   text	   data	    bss	    dec	    hex	filename
  24500	    484	   1892	  26876	   68fc	3rd.elf
arm-none-eabi-objcopy  -O binary  3rd.elf  "3rd.bin"
Finished building: default.size.stdout
 
Finished building: 3rd.bin
 
Finished building: 3rd.list
 
23:19:11 **** Incremental Build of configuration Debug for project 3rd ****
make -j8 all 
arm-none-eabi-gcc "../Core/Src/main.c" -mcpu=cortex-m3 -std=gnu11 -g3 -DDEBUG -DUSE_HAL_DRIVER -DSTM32F103xB -c -I../Core/Inc -I../Drivers/STM32F1xx_HAL_Driver/Inc -I../Drivers/STM32F1xx_HAL_Driver/Inc/Legacy -I../Drivers/CMSIS/Device/ST/STM32F1xx/Include -I../Drivers/CMSIS/Include -I"F:/projectWork/3rd/3rd/Core/Lib/Inc" -O0 -ffunction-sections -fdata-sections -Wall -fstack-usage -MMD -MP -MF"Core/Src/main.d" -MT"Core/Src/main.o" --specs=nano.specs -mfloat-abi=soft -mthumb -o "Core/Src/main.o"
arm-none-eabi-gcc -o "3rd.elf" @"objects.list"   -mcpu=cortex-m3 -T"F:\projectWork\3rd\3rd\STM32F103C8TX_FLASH.ld" --specs=nosys.specs -Wl,-Map="3rd.map" -Wl,--gc-sections -static -u _printf_float --specs=nano.specs -mfloat-abi=soft -mthumb -Wl,--start-group -lc -lm -Wl,--end-group
Finished building target: 3rd.elf
 
arm-none-eabi-size   3rd.elf 
arm-none-eabi-objdump -h -S  3rd.elf  > "3rd.list"
arm-none-eabi-objcopy  -O binary  3rd.elf  "3rd.bin"
   text	   data	    bss	    dec	    hex	filename
  24580	    484	   1892	  26956	   694c	3rd.elf
Finished building: default.size.stdout
 
Finished building: 3rd.bin
 
Finished building: 3rd.list
 
23:25:10 **** Incremental Build of configuration Debug for project 3rd ****
make -j8 all 
arm-none-eabi-gcc "../Core/Src/main.c" -mcpu=cortex-m3 -std=gnu11 -g3 -DDEBUG -DUSE_HAL_DRIVER -DSTM32F103xB -c -I../Core/Inc -I../Drivers/STM32F1xx_HAL_Driver/Inc -I../Drivers/STM32F1xx_HAL_Driver/Inc/Legacy -I../Drivers/CMSIS/Device/ST/STM32F1xx/Include -I../Drivers/CMSIS/Include -I"F:/projectWork/3rd/3rd/Core/Lib/Inc" -O0 -ffunction-sections -fdata-sections -Wall -fstack-usage -MMD -MP -MF"Core/Src/main.d" -MT"Core/Src/main.o" --specs=nano.specs -mfloat-abi=soft -mthumb -o "Core/Src/main.o"
arm-none-eabi-gcc "../Core/Src/stm32f1xx_it.c" -mcpu=cortex-m3 -std=gnu11 -g3 -DDEBUG -DUSE_HAL_DRIVER -DSTM32F103xB -c -I../Core/Inc -I../Drivers/STM32F1xx_HAL_Driver/Inc -I../Drivers/STM32F1xx_HAL_Driver/Inc/Legacy -I../Drivers/CMSIS/Device/ST/STM32F1xx/Include -I../Drivers/CMSIS/Include -I"F:/projectWork/3rd/3rd/Core/Lib/Inc" -O0 -ffunction-sections -fdata-sections -Wall -fstack-usage -MMD -MP -MF"Core/Src/stm32f1xx_it.d" -MT"Core/Src/stm32f1xx_it.o" --specs=nano.specs -mfloat-abi=soft -mthumb -o "Core/Src/stm32f1xx_it.o"
arm-none-eabi-gcc -o "3rd.elf" @"objects.list"   -mcpu=cortex-m3 -T"F:\projectWork\3rd\3rd\STM32F103C8TX_FLASH.ld" --specs=nosys.specs -Wl,-Map="3rd.map" -Wl,--gc-sections -static -u _printf_float --specs=nano.specs -mfloat-abi=soft -mthumb -Wl,--start-group -lc -lm -Wl,--end-group
Finished building target: 3rd.elf
 
arm-none-eabi-size   3rd.elf 
arm-none-eabi-objdump -h -S  3rd.elf  > "3rd.list"
arm-none-eabi-objcopy  -O binary  3rd.elf  "3rd.bin"
   text	   data	    bss	    dec	    hex	filename
  27340	    484	   1892	  29716	   7414	3rd.elf
Finished building: default.size.stdout
 
Finished building: 3rd.bin
 
Finished building: 3rd.list
 
23:26:17 **** Incremental Build of configuration Debug for project 3rd ****
make -j8 all 
arm-none-eabi-size   3rd.elf 
   text	   data	    bss	    dec	    hex	filename
  27340	    484	   1892	  29716	   7414	3rd.elf
Finished building: default.size.stdout
 
23:27:48 **** Incremental Build of configuration Debug for project 3rd ****
make -j8 all 
arm-none-eabi-size   3rd.elf 
   text	   data	    bss	    dec	    hex	filename
  27340	    484	   1892	  29716	   7414	3rd.elf
Finished building: default.size.stdout
 
23:52:27 **** Incremental Build of configuration Debug for project 3rd ****
make -j8 all 
arm-none-eabi-gcc "../Core/Src/main.c" -mcpu=cortex-m3 -std=gnu11 -g3 -DDEBUG -DUSE_HAL_DRIVER -DSTM32F103xB -c -I../Core/Inc -I../Drivers/STM32F1xx_HAL_Driver/Inc -I../Drivers/STM32F1xx_HAL_Driver/Inc/Legacy -I../Drivers/CMSIS/Device/ST/STM32F1xx/Include -I../Drivers/CMSIS/Include -I"F:/projectWork/3rd/3rd/Core/Lib/Inc" -O0 -ffunction-sections -fdata-sections -Wall -fstack-usage -MMD -MP -MF"Core/Src/main.d" -MT"Core/Src/main.o" --specs=nano.specs -mfloat-abi=soft -mthumb -o "Core/Src/main.o"
arm-none-eabi-gcc "../Core/Src/stm32f1xx_it.c" -mcpu=cortex-m3 -std=gnu11 -g3 -DDEBUG -DUSE_HAL_DRIVER -DSTM32F103xB -c -I../Core/Inc -I../Drivers/STM32F1xx_HAL_Driver/Inc -I../Drivers/STM32F1xx_HAL_Driver/Inc/Legacy -I../Drivers/CMSIS/Device/ST/STM32F1xx/Include -I../Drivers/CMSIS/Include -I"F:/projectWork/3rd/3rd/Core/Lib/Inc" -O0 -ffunction-sections -fdata-sections -Wall -fstack-usage -MMD -MP -MF"Core/Src/stm32f1xx_it.d" -MT"Core/Src/stm32f1xx_it.o" --specs=nano.specs -mfloat-abi=soft -mthumb -o "Core/Src/stm32f1xx_it.o"
arm-none-eabi-gcc "../Core/Lib/Src/ds18b20.c" -mcpu=cortex-m3 -std=gnu11 -g3 -DDEBUG -DUSE_HAL_DRIVER -DSTM32F103xB -c -I../Core/Inc -I../Drivers/STM32F1xx_HAL_Driver/Inc -I../Drivers/STM32F1xx_HAL_Driver/Inc/Legacy -I../Drivers/CMSIS/Device/ST/STM32F1xx/Include -I../Drivers/CMSIS/Include -I"F:/projectWork/3rd/3rd/Core/Lib/Inc" -O0 -ffunction-sections -fdata-sections -Wall -fstack-usage -MMD -MP -MF"Core/Lib/Src/ds18b20.d" -MT"Core/Lib/Src/ds18b20.o" --specs=nano.specs -mfloat-abi=soft -mthumb -o "Core/Lib/Src/ds18b20.o"
../Core/Lib/Src/ds18b20.c:34:9: error: conflicting types for 'isTemperSensorInit'
   34 | uint8_t isTemperSensorInit(){
      |         ^~~~~~~~~~~~~~~~~~
In file included from ../Core/Lib/Src/ds18b20.c:3:
F:/projectWork/3rd/3rd/Core/Lib/Inc/ds18b20.h:82:10: note: previous declaration of 'isTemperSensorInit' was here
   82 | uint16_t isTemperSensorInit(void);
      |          ^~~~~~~~~~~~~~~~~~
make: *** [Core/Lib/Src/subdir.mk:22: Core/Lib/Src/ds18b20.o] Error 1
make: *** Waiting for unfinished jobs....
"make -j8 all" terminated with exit code 2. Build might be incomplete.
23:52:39 **** Incremental Build of configuration Debug for project 3rd ****
make -j8 all 
arm-none-eabi-gcc "../Core/Lib/Src/ds18b20.c" -mcpu=cortex-m3 -std=gnu11 -g3 -DDEBUG -DUSE_HAL_DRIVER -DSTM32F103xB -c -I../Core/Inc -I../Drivers/STM32F1xx_HAL_Driver/Inc -I../Drivers/STM32F1xx_HAL_Driver/Inc/Legacy -I../Drivers/CMSIS/Device/ST/STM32F1xx/Include -I../Drivers/CMSIS/Include -I"F:/projectWork/3rd/3rd/Core/Lib/Inc" -O0 -ffunction-sections -fdata-sections -Wall -fstack-usage -MMD -MP -MF"Core/Lib/Src/ds18b20.d" -MT"Core/Lib/Src/ds18b20.o" --specs=nano.specs -mfloat-abi=soft -mthumb -o "Core/Lib/Src/ds18b20.o"
../Core/Lib/Src/ds18b20.c:34:9: error: conflicting types for 'isTemperSensorInit'
   34 | uint8_t isTemperSensorInit(){
      |         ^~~~~~~~~~~~~~~~~~
In file included from ../Core/Lib/Src/ds18b20.c:3:
F:/projectWork/3rd/3rd/Core/Lib/Inc/ds18b20.h:82:10: note: previous declaration of 'isTemperSensorInit' was here
   82 | uint16_t isTemperSensorInit(void);
      |          ^~~~~~~~~~~~~~~~~~
make: *** [Core/Lib/Src/subdir.mk:22: Core/Lib/Src/ds18b20.o] Error 1
"make -j8 all" terminated with exit code 2. Build might be incomplete.
23:54:22 **** Incremental Build of configuration Debug for project 3rd ****
make -j8 all 
arm-none-eabi-gcc "../Core/Src/main.c" -mcpu=cortex-m3 -std=gnu11 -g3 -DDEBUG -DUSE_HAL_DRIVER -DSTM32F103xB -c -I../Core/Inc -I../Drivers/STM32F1xx_HAL_Driver/Inc -I../Drivers/STM32F1xx_HAL_Driver/Inc/Legacy -I../Drivers/CMSIS/Device/ST/STM32F1xx/Include -I../Drivers/CMSIS/Include -I"F:/projectWork/3rd/3rd/Core/Lib/Inc" -O0 -ffunction-sections -fdata-sections -Wall -fstack-usage -MMD -MP -MF"Core/Src/main.d" -MT"Core/Src/main.o" --specs=nano.specs -mfloat-abi=soft -mthumb -o "Core/Src/main.o"
arm-none-eabi-gcc "../Core/Src/stm32f1xx_it.c" -mcpu=cortex-m3 -std=gnu11 -g3 -DDEBUG -DUSE_HAL_DRIVER -DSTM32F103xB -c -I../Core/Inc -I../Drivers/STM32F1xx_HAL_Driver/Inc -I../Drivers/STM32F1xx_HAL_Driver/Inc/Legacy -I../Drivers/CMSIS/Device/ST/STM32F1xx/Include -I../Drivers/CMSIS/Include -I"F:/projectWork/3rd/3rd/Core/Lib/Inc" -O0 -ffunction-sections -fdata-sections -Wall -fstack-usage -MMD -MP -MF"Core/Src/stm32f1xx_it.d" -MT"Core/Src/stm32f1xx_it.o" --specs=nano.specs -mfloat-abi=soft -mthumb -o "Core/Src/stm32f1xx_it.o"
arm-none-eabi-gcc "../Core/Lib/Src/ds18b20.c" -mcpu=cortex-m3 -std=gnu11 -g3 -DDEBUG -DUSE_HAL_DRIVER -DSTM32F103xB -c -I../Core/Inc -I../Drivers/STM32F1xx_HAL_Driver/Inc -I../Drivers/STM32F1xx_HAL_Driver/Inc/Legacy -I../Drivers/CMSIS/Device/ST/STM32F1xx/Include -I../Drivers/CMSIS/Include -I"F:/projectWork/3rd/3rd/Core/Lib/Inc" -O0 -ffunction-sections -fdata-sections -Wall -fstack-usage -MMD -MP -MF"Core/Lib/Src/ds18b20.d" -MT"Core/Lib/Src/ds18b20.o" --specs=nano.specs -mfloat-abi=soft -mthumb -o "Core/Lib/Src/ds18b20.o"
arm-none-eabi-gcc -o "3rd.elf" @"objects.list"   -mcpu=cortex-m3 -T"F:\projectWork\3rd\3rd\STM32F103C8TX_FLASH.ld" --specs=nosys.specs -Wl,-Map="3rd.map" -Wl,--gc-sections -static -u _printf_float --specs=nano.specs -mfloat-abi=soft -mthumb -Wl,--start-group -lc -lm -Wl,--end-group
Finished building target: 3rd.elf
 
arm-none-eabi-size   3rd.elf 
arm-none-eabi-objdump -h -S  3rd.elf  > "3rd.list"
arm-none-eabi-objcopy  -O binary  3rd.elf  "3rd.bin"
   text	   data	    bss	    dec	    hex	filename
  27340	    484	   1908	  29732	   7424	3rd.elf
Finished building: default.size.stdout
 
Finished building: 3rd.bin
 
Finished building: 3rd.list
 
23:57:35 **** Incremental Build of configuration Debug for project 3rd ****
make -j8 all 
arm-none-eabi-gcc "../Core/Src/main.c" -mcpu=cortex-m3 -std=gnu11 -g3 -DDEBUG -DUSE_HAL_DRIVER -DSTM32F103xB -c -I../Core/Inc -I../Drivers/STM32F1xx_HAL_Driver/Inc -I../Drivers/STM32F1xx_HAL_Driver/Inc/Legacy -I../Drivers/CMSIS/Device/ST/STM32F1xx/Include -I../Drivers/CMSIS/Include -I"F:/projectWork/3rd/3rd/Core/Lib/Inc" -O0 -ffunction-sections -fdata-sections -Wall -fstack-usage -MMD -MP -MF"Core/Src/main.d" -MT"Core/Src/main.o" --specs=nano.specs -mfloat-abi=soft -mthumb -o "Core/Src/main.o"
../Core/Src/main.c: In function 'main':
../Core/Src/main.c:84:8: warning: variable 'temper' set but not used [-Wunused-but-set-variable]
   84 |  float temper = 0.0;
      |        ^~~~~~
arm-none-eabi-gcc -o "3rd.elf" @"objects.list"   -mcpu=cortex-m3 -T"F:\projectWork\3rd\3rd\STM32F103C8TX_FLASH.ld" --specs=nosys.specs -Wl,-Map="3rd.map" -Wl,--gc-sections -static -u _printf_float --specs=nano.specs -mfloat-abi=soft -mthumb -Wl,--start-group -lc -lm -Wl,--end-group
Finished building target: 3rd.elf
 
arm-none-eabi-size   3rd.elf 
arm-none-eabi-objdump -h -S  3rd.elf  > "3rd.list"
   text	   data	    bss	    dec	    hex	filename
  26732	    484	   1908	  29124	   71c4	3rd.elf
arm-none-eabi-objcopy  -O binary  3rd.elf  "3rd.bin"
Finished building: default.size.stdout
 
Finished building: 3rd.bin
 
Finished building: 3rd.list
 
00:01:59 **** Incremental Build of configuration Debug for project 3rd ****
make -j8 all 
arm-none-eabi-gcc "../Core/Src/main.c" -mcpu=cortex-m3 -std=gnu11 -g3 -DDEBUG -DUSE_HAL_DRIVER -DSTM32F103xB -c -I../Core/Inc -I../Drivers/STM32F1xx_HAL_Driver/Inc -I../Drivers/STM32F1xx_HAL_Driver/Inc/Legacy -I../Drivers/CMSIS/Device/ST/STM32F1xx/Include -I../Drivers/CMSIS/Include -I"F:/projectWork/3rd/3rd/Core/Lib/Inc" -O0 -ffunction-sections -fdata-sections -Wall -fstack-usage -MMD -MP -MF"Core/Src/main.d" -MT"Core/Src/main.o" --specs=nano.specs -mfloat-abi=soft -mthumb -o "Core/Src/main.o"
arm-none-eabi-gcc "../Core/Src/stm32f1xx_it.c" -mcpu=cortex-m3 -std=gnu11 -g3 -DDEBUG -DUSE_HAL_DRIVER -DSTM32F103xB -c -I../Core/Inc -I../Drivers/STM32F1xx_HAL_Driver/Inc -I../Drivers/STM32F1xx_HAL_Driver/Inc/Legacy -I../Drivers/CMSIS/Device/ST/STM32F1xx/Include -I../Drivers/CMSIS/Include -I"F:/projectWork/3rd/3rd/Core/Lib/Inc" -O0 -ffunction-sections -fdata-sections -Wall -fstack-usage -MMD -MP -MF"Core/Src/stm32f1xx_it.d" -MT"Core/Src/stm32f1xx_it.o" --specs=nano.specs -mfloat-abi=soft -mthumb -o "Core/Src/stm32f1xx_it.o"
arm-none-eabi-gcc "../Core/Lib/Src/ds18b20.c" -mcpu=cortex-m3 -std=gnu11 -g3 -DDEBUG -DUSE_HAL_DRIVER -DSTM32F103xB -c -I../Core/Inc -I../Drivers/STM32F1xx_HAL_Driver/Inc -I../Drivers/STM32F1xx_HAL_Driver/Inc/Legacy -I../Drivers/CMSIS/Device/ST/STM32F1xx/Include -I../Drivers/CMSIS/Include -I"F:/projectWork/3rd/3rd/Core/Lib/Inc" -O0 -ffunction-sections -fdata-sections -Wall -fstack-usage -MMD -MP -MF"Core/Lib/Src/ds18b20.d" -MT"Core/Lib/Src/ds18b20.o" --specs=nano.specs -mfloat-abi=soft -mthumb -o "Core/Lib/Src/ds18b20.o"
../Core/Src/main.c: In function 'main':
../Core/Src/main.c:84:8: warning: variable 'temper' set but not used [-Wunused-but-set-variable]
   84 |  float temper = 0.0;
      |        ^~~~~~
arm-none-eabi-gcc -o "3rd.elf" @"objects.list"   -mcpu=cortex-m3 -T"F:\projectWork\3rd\3rd\STM32F103C8TX_FLASH.ld" --specs=nosys.specs -Wl,-Map="3rd.map" -Wl,--gc-sections -static -u _printf_float --specs=nano.specs -mfloat-abi=soft -mthumb -Wl,--start-group -lc -lm -Wl,--end-group
Finished building target: 3rd.elf
 
arm-none-eabi-size   3rd.elf 
arm-none-eabi-objdump -h -S  3rd.elf  > "3rd.list"
   text	   data	    bss	    dec	    hex	filename
  27436	    484	   1908	  29828	   7484	3rd.elf
arm-none-eabi-objcopy  -O binary  3rd.elf  "3rd.bin"
Finished building: default.size.stdout
 
Finished building: 3rd.bin
 
Finished building: 3rd.list
 
22:09:39 **** Incremental Build of configuration Debug for project 3rd ****
make -j8 all 
arm-none-eabi-size   3rd.elf 
   text	   data	    bss	    dec	    hex	filename
  27436	    484	   1908	  29828	   7484	3rd.elf
Finished building: default.size.stdout
 
22:22:46 **** Incremental Build of configuration Debug for project 3rd ****
make -j8 all 
arm-none-eabi-gcc "../Core/Src/main.c" -mcpu=cortex-m3 -std=gnu11 -g3 -DDEBUG -DUSE_HAL_DRIVER -DSTM32F103xB -c -I../Core/Inc -I../Drivers/STM32F1xx_HAL_Driver/Inc -I../Drivers/STM32F1xx_HAL_Driver/Inc/Legacy -I../Drivers/CMSIS/Device/ST/STM32F1xx/Include -I../Drivers/CMSIS/Include -I"F:/projectWork/3rd/3rd/Core/Lib/Inc" -O0 -ffunction-sections -fdata-sections -Wall -fstack-usage -MMD -MP -MF"Core/Src/main.d" -MT"Core/Src/main.o" --specs=nano.specs -mfloat-abi=soft -mthumb -o "Core/Src/main.o"
arm-none-eabi-gcc "../Core/Src/stm32f1xx_it.c" -mcpu=cortex-m3 -std=gnu11 -g3 -DDEBUG -DUSE_HAL_DRIVER -DSTM32F103xB -c -I../Core/Inc -I../Drivers/STM32F1xx_HAL_Driver/Inc -I../Drivers/STM32F1xx_HAL_Driver/Inc/Legacy -I../Drivers/CMSIS/Device/ST/STM32F1xx/Include -I../Drivers/CMSIS/Include -I"F:/projectWork/3rd/3rd/Core/Lib/Inc" -O0 -ffunction-sections -fdata-sections -Wall -fstack-usage -MMD -MP -MF"Core/Src/stm32f1xx_it.d" -MT"Core/Src/stm32f1xx_it.o" --specs=nano.specs -mfloat-abi=soft -mthumb -o "Core/Src/stm32f1xx_it.o"
arm-none-eabi-gcc "../Core/Lib/Src/ds18b20.c" -mcpu=cortex-m3 -std=gnu11 -g3 -DDEBUG -DUSE_HAL_DRIVER -DSTM32F103xB -c -I../Core/Inc -I../Drivers/STM32F1xx_HAL_Driver/Inc -I../Drivers/STM32F1xx_HAL_Driver/Inc/Legacy -I../Drivers/CMSIS/Device/ST/STM32F1xx/Include -I../Drivers/CMSIS/Include -I"F:/projectWork/3rd/3rd/Core/Lib/Inc" -O0 -ffunction-sections -fdata-sections -Wall -fstack-usage -MMD -MP -MF"Core/Lib/Src/ds18b20.d" -MT"Core/Lib/Src/ds18b20.o" --specs=nano.specs -mfloat-abi=soft -mthumb -o "Core/Lib/Src/ds18b20.o"
arm-none-eabi-gcc "../Core/Lib/Src/onewire.c" -mcpu=cortex-m3 -std=gnu11 -g3 -DDEBUG -DUSE_HAL_DRIVER -DSTM32F103xB -c -I../Core/Inc -I../Drivers/STM32F1xx_HAL_Driver/Inc -I../Drivers/STM32F1xx_HAL_Driver/Inc/Legacy -I../Drivers/CMSIS/Device/ST/STM32F1xx/Include -I../Drivers/CMSIS/Include -I"F:/projectWork/3rd/3rd/Core/Lib/Inc" -O0 -ffunction-sections -fdata-sections -Wall -fstack-usage -MMD -MP -MF"Core/Lib/Src/onewire.d" -MT"Core/Lib/Src/onewire.o" --specs=nano.specs -mfloat-abi=soft -mthumb -o "Core/Lib/Src/onewire.o"
../Core/Src/main.c: In function 'main':
../Core/Src/main.c:84:8: warning: variable 'temper' set but not used [-Wunused-but-set-variable]
   84 |  float temper = 0.0;
      |        ^~~~~~
arm-none-eabi-gcc -o "3rd.elf" @"objects.list"   -mcpu=cortex-m3 -T"F:\projectWork\3rd\3rd\STM32F103C8TX_FLASH.ld" --specs=nosys.specs -Wl,-Map="3rd.map" -Wl,--gc-sections -static -u _printf_float --specs=nano.specs -mfloat-abi=soft -mthumb -Wl,--start-group -lc -lm -Wl,--end-group
Finished building target: 3rd.elf
 
arm-none-eabi-size   3rd.elf 
arm-none-eabi-objdump -h -S  3rd.elf  > "3rd.list"
arm-none-eabi-objcopy  -O binary  3rd.elf  "3rd.bin"
   text	   data	    bss	    dec	    hex	filename
  27516	    484	   1908	  29908	   74d4	3rd.elf
Finished building: default.size.stdout
 
Finished building: 3rd.bin
 
Finished building: 3rd.list
 
22:25:57 **** Incremental Build of configuration Debug for project 3rd ****
make -j8 all 
arm-none-eabi-gcc "../Core/Lib/Src/onewire.c" -mcpu=cortex-m3 -std=gnu11 -g3 -DDEBUG -DUSE_HAL_DRIVER -DSTM32F103xB -c -I../Core/Inc -I../Drivers/STM32F1xx_HAL_Driver/Inc -I../Drivers/STM32F1xx_HAL_Driver/Inc/Legacy -I../Drivers/CMSIS/Device/ST/STM32F1xx/Include -I../Drivers/CMSIS/Include -I"F:/projectWork/3rd/3rd/Core/Lib/Inc" -O0 -ffunction-sections -fdata-sections -Wall -fstack-usage -MMD -MP -MF"Core/Lib/Src/onewire.d" -MT"Core/Lib/Src/onewire.o" --specs=nano.specs -mfloat-abi=soft -mthumb -o "Core/Lib/Src/onewire.o"
arm-none-eabi-gcc -o "3rd.elf" @"objects.list"   -mcpu=cortex-m3 -T"F:\projectWork\3rd\3rd\STM32F103C8TX_FLASH.ld" --specs=nosys.specs -Wl,-Map="3rd.map" -Wl,--gc-sections -static -u _printf_float --specs=nano.specs -mfloat-abi=soft -mthumb -Wl,--start-group -lc -lm -Wl,--end-group
Finished building target: 3rd.elf
 
arm-none-eabi-size   3rd.elf 
arm-none-eabi-objdump -h -S  3rd.elf  > "3rd.list"
arm-none-eabi-objcopy  -O binary  3rd.elf  "3rd.bin"
   text	   data	    bss	    dec	    hex	filename
  27572	    484	   1908	  29964	   750c	3rd.elf
Finished building: default.size.stdout
 
Finished building: 3rd.bin
 
Finished building: 3rd.list
 
22:30:27 **** Incremental Build of configuration Debug for project 3rd ****
make -j8 all 
arm-none-eabi-gcc "../Core/Lib/Src/onewire.c" -mcpu=cortex-m3 -std=gnu11 -g3 -DDEBUG -DUSE_HAL_DRIVER -DSTM32F103xB -c -I../Core/Inc -I../Drivers/STM32F1xx_HAL_Driver/Inc -I../Drivers/STM32F1xx_HAL_Driver/Inc/Legacy -I../Drivers/CMSIS/Device/ST/STM32F1xx/Include -I../Drivers/CMSIS/Include -I"F:/projectWork/3rd/3rd/Core/Lib/Inc" -O0 -ffunction-sections -fdata-sections -Wall -fstack-usage -MMD -MP -MF"Core/Lib/Src/onewire.d" -MT"Core/Lib/Src/onewire.o" --specs=nano.specs -mfloat-abi=soft -mthumb -o "Core/Lib/Src/onewire.o"
arm-none-eabi-gcc -o "3rd.elf" @"objects.list"   -mcpu=cortex-m3 -T"F:\projectWork\3rd\3rd\STM32F103C8TX_FLASH.ld" --specs=nosys.specs -Wl,-Map="3rd.map" -Wl,--gc-sections -static -u _printf_float --specs=nano.specs -mfloat-abi=soft -mthumb -Wl,--start-group -lc -lm -Wl,--end-group
Finished building target: 3rd.elf
 
arm-none-eabi-size   3rd.elf 
arm-none-eabi-objdump -h -S  3rd.elf  > "3rd.list"
arm-none-eabi-objcopy  -O binary  3rd.elf  "3rd.bin"
   text	   data	    bss	    dec	    hex	filename
  27596	    484	   1908	  29988	   7524	3rd.elf
Finished building: default.size.stdout
 
Finished building: 3rd.bin
 
Finished building: 3rd.list
 
22:33:49 **** Incremental Build of configuration Debug for project 3rd ****
make -j8 all 
arm-none-eabi-gcc "../Core/Lib/Src/onewire.c" -mcpu=cortex-m3 -std=gnu11 -g3 -DDEBUG -DUSE_HAL_DRIVER -DSTM32F103xB -c -I../Core/Inc -I../Drivers/STM32F1xx_HAL_Driver/Inc -I../Drivers/STM32F1xx_HAL_Driver/Inc/Legacy -I../Drivers/CMSIS/Device/ST/STM32F1xx/Include -I../Drivers/CMSIS/Include -I"F:/projectWork/3rd/3rd/Core/Lib/Inc" -O0 -ffunction-sections -fdata-sections -Wall -fstack-usage -MMD -MP -MF"Core/Lib/Src/onewire.d" -MT"Core/Lib/Src/onewire.o" --specs=nano.specs -mfloat-abi=soft -mthumb -o "Core/Lib/Src/onewire.o"
arm-none-eabi-gcc -o "3rd.elf" @"objects.list"   -mcpu=cortex-m3 -T"F:\projectWork\3rd\3rd\STM32F103C8TX_FLASH.ld" --specs=nosys.specs -Wl,-Map="3rd.map" -Wl,--gc-sections -static -u _printf_float --specs=nano.specs -mfloat-abi=soft -mthumb -Wl,--start-group -lc -lm -Wl,--end-group
Finished building target: 3rd.elf
 
arm-none-eabi-size   3rd.elf 
arm-none-eabi-objdump -h -S  3rd.elf  > "3rd.list"
   text	   data	    bss	    dec	    hex	filename
  27588	    484	   1908	  29980	   751c	3rd.elf
arm-none-eabi-objcopy  -O binary  3rd.elf  "3rd.bin"
Finished building: default.size.stdout
 
Finished building: 3rd.bin
 
Finished building: 3rd.list
 
23:06:57 **** Incremental Build of configuration Debug for project 3rd ****
make -j8 all 
arm-none-eabi-gcc "../Drivers/STM32F1xx_HAL_Driver/Src/stm32f1xx_hal.c" -mcpu=cortex-m3 -std=gnu11 -g3 -DDEBUG -DUSE_HAL_DRIVER -DSTM32F103xB -c -I../Core/Inc -I../Drivers/STM32F1xx_HAL_Driver/Inc -I../Drivers/STM32F1xx_HAL_Driver/Inc/Legacy -I../Drivers/CMSIS/Device/ST/STM32F1xx/Include -I../Drivers/CMSIS/Include -O0 -ffunction-sections -fdata-sections -Wall -fstack-usage -MMD -MP -MF"Drivers/STM32F1xx_HAL_Driver/Src/stm32f1xx_hal.d" -MT"Drivers/STM32F1xx_HAL_Driver/Src/stm32f1xx_hal.o" --specs=nano.specs -mfloat-abi=soft -mthumb -o "Drivers/STM32F1xx_HAL_Driver/Src/stm32f1xx_hal.o"
arm-none-eabi-gcc "../Drivers/STM32F1xx_HAL_Driver/Src/stm32f1xx_hal_cortex.c" -mcpu=cortex-m3 -std=gnu11 -g3 -DDEBUG -DUSE_HAL_DRIVER -DSTM32F103xB -c -I../Core/Inc -I../Drivers/STM32F1xx_HAL_Driver/Inc -I../Drivers/STM32F1xx_HAL_Driver/Inc/Legacy -I../Drivers/CMSIS/Device/ST/STM32F1xx/Include -I../Drivers/CMSIS/Include -O0 -ffunction-sections -fdata-sections -Wall -fstack-usage -MMD -MP -MF"Drivers/STM32F1xx_HAL_Driver/Src/stm32f1xx_hal_cortex.d" -MT"Drivers/STM32F1xx_HAL_Driver/Src/stm32f1xx_hal_cortex.o" --specs=nano.specs -mfloat-abi=soft -mthumb -o "Drivers/STM32F1xx_HAL_Driver/Src/stm32f1xx_hal_cortex.o"
arm-none-eabi-gcc "../Drivers/STM32F1xx_HAL_Driver/Src/stm32f1xx_hal_dma.c" -mcpu=cortex-m3 -std=gnu11 -g3 -DDEBUG -DUSE_HAL_DRIVER -DSTM32F103xB -c -I../Core/Inc -I../Drivers/STM32F1xx_HAL_Driver/Inc -I../Drivers/STM32F1xx_HAL_Driver/Inc/Legacy -I../Drivers/CMSIS/Device/ST/STM32F1xx/Include -I../Drivers/CMSIS/Include -O0 -ffunction-sections -fdata-sections -Wall -fstack-usage -MMD -MP -MF"Drivers/STM32F1xx_HAL_Driver/Src/stm32f1xx_hal_dma.d" -MT"Drivers/STM32F1xx_HAL_Driver/Src/stm32f1xx_hal_dma.o" --specs=nano.specs -mfloat-abi=soft -mthumb -o "Drivers/STM32F1xx_HAL_Driver/Src/stm32f1xx_hal_dma.o"
arm-none-eabi-gcc "../Drivers/STM32F1xx_HAL_Driver/Src/stm32f1xx_hal_exti.c" -mcpu=cortex-m3 -std=gnu11 -g3 -DDEBUG -DUSE_HAL_DRIVER -DSTM32F103xB -c -I../Core/Inc -I../Drivers/STM32F1xx_HAL_Driver/Inc -I../Drivers/STM32F1xx_HAL_Driver/Inc/Legacy -I../Drivers/CMSIS/Device/ST/STM32F1xx/Include -I../Drivers/CMSIS/Include -O0 -ffunction-sections -fdata-sections -Wall -fstack-usage -MMD -MP -MF"Drivers/STM32F1xx_HAL_Driver/Src/stm32f1xx_hal_exti.d" -MT"Drivers/STM32F1xx_HAL_Driver/Src/stm32f1xx_hal_exti.o" --specs=nano.specs -mfloat-abi=soft -mthumb -o "Drivers/STM32F1xx_HAL_Driver/Src/stm32f1xx_hal_exti.o"
arm-none-eabi-gcc "../Drivers/STM32F1xx_HAL_Driver/Src/stm32f1xx_hal_flash.c" -mcpu=cortex-m3 -std=gnu11 -g3 -DDEBUG -DUSE_HAL_DRIVER -DSTM32F103xB -c -I../Core/Inc -I../Drivers/STM32F1xx_HAL_Driver/Inc -I../Drivers/STM32F1xx_HAL_Driver/Inc/Legacy -I../Drivers/CMSIS/Device/ST/STM32F1xx/Include -I../Drivers/CMSIS/Include -O0 -ffunction-sections -fdata-sections -Wall -fstack-usage -MMD -MP -MF"Drivers/STM32F1xx_HAL_Driver/Src/stm32f1xx_hal_flash.d" -MT"Drivers/STM32F1xx_HAL_Driver/Src/stm32f1xx_hal_flash.o" --specs=nano.specs -mfloat-abi=soft -mthumb -o "Drivers/STM32F1xx_HAL_Driver/Src/stm32f1xx_hal_flash.o"
arm-none-eabi-gcc "../Drivers/STM32F1xx_HAL_Driver/Src/stm32f1xx_hal_flash_ex.c" -mcpu=cortex-m3 -std=gnu11 -g3 -DDEBUG -DUSE_HAL_DRIVER -DSTM32F103xB -c -I../Core/Inc -I../Drivers/STM32F1xx_HAL_Driver/Inc -I../Drivers/STM32F1xx_HAL_Driver/Inc/Legacy -I../Drivers/CMSIS/Device/ST/STM32F1xx/Include -I../Drivers/CMSIS/Include -O0 -ffunction-sections -fdata-sections -Wall -fstack-usage -MMD -MP -MF"Drivers/STM32F1xx_HAL_Driver/Src/stm32f1xx_hal_flash_ex.d" -MT"Drivers/STM32F1xx_HAL_Driver/Src/stm32f1xx_hal_flash_ex.o" --specs=nano.specs -mfloat-abi=soft -mthumb -o "Drivers/STM32F1xx_HAL_Driver/Src/stm32f1xx_hal_flash_ex.o"
arm-none-eabi-gcc "../Drivers/STM32F1xx_HAL_Driver/Src/stm32f1xx_hal_gpio.c" -mcpu=cortex-m3 -std=gnu11 -g3 -DDEBUG -DUSE_HAL_DRIVER -DSTM32F103xB -c -I../Core/Inc -I../Drivers/STM32F1xx_HAL_Driver/Inc -I../Drivers/STM32F1xx_HAL_Driver/Inc/Legacy -I../Drivers/CMSIS/Device/ST/STM32F1xx/Include -I../Drivers/CMSIS/Include -O0 -ffunction-sections -fdata-sections -Wall -fstack-usage -MMD -MP -MF"Drivers/STM32F1xx_HAL_Driver/Src/stm32f1xx_hal_gpio.d" -MT"Drivers/STM32F1xx_HAL_Driver/Src/stm32f1xx_hal_gpio.o" --specs=nano.specs -mfloat-abi=soft -mthumb -o "Drivers/STM32F1xx_HAL_Driver/Src/stm32f1xx_hal_gpio.o"
arm-none-eabi-gcc "../Drivers/STM32F1xx_HAL_Driver/Src/stm32f1xx_hal_gpio_ex.c" -mcpu=cortex-m3 -std=gnu11 -g3 -DDEBUG -DUSE_HAL_DRIVER -DSTM32F103xB -c -I../Core/Inc -I../Drivers/STM32F1xx_HAL_Driver/Inc -I../Drivers/STM32F1xx_HAL_Driver/Inc/Legacy -I../Drivers/CMSIS/Device/ST/STM32F1xx/Include -I../Drivers/CMSIS/Include -O0 -ffunction-sections -fdata-sections -Wall -fstack-usage -MMD -MP -MF"Drivers/STM32F1xx_HAL_Driver/Src/stm32f1xx_hal_gpio_ex.d" -MT"Drivers/STM32F1xx_HAL_Driver/Src/stm32f1xx_hal_gpio_ex.o" --specs=nano.specs -mfloat-abi=soft -mthumb -o "Drivers/STM32F1xx_HAL_Driver/Src/stm32f1xx_hal_gpio_ex.o"
arm-none-eabi-gcc "../Drivers/STM32F1xx_HAL_Driver/Src/stm32f1xx_hal_i2c.c" -mcpu=cortex-m3 -std=gnu11 -g3 -DDEBUG -DUSE_HAL_DRIVER -DSTM32F103xB -c -I../Core/Inc -I../Drivers/STM32F1xx_HAL_Driver/Inc -I../Drivers/STM32F1xx_HAL_Driver/Inc/Legacy -I../Drivers/CMSIS/Device/ST/STM32F1xx/Include -I../Drivers/CMSIS/Include -O0 -ffunction-sections -fdata-sections -Wall -fstack-usage -MMD -MP -MF"Drivers/STM32F1xx_HAL_Driver/Src/stm32f1xx_hal_i2c.d" -MT"Drivers/STM32F1xx_HAL_Driver/Src/stm32f1xx_hal_i2c.o" --specs=nano.specs -mfloat-abi=soft -mthumb -o "Drivers/STM32F1xx_HAL_Driver/Src/stm32f1xx_hal_i2c.o"
arm-none-eabi-gcc "../Drivers/STM32F1xx_HAL_Driver/Src/stm32f1xx_hal_pwr.c" -mcpu=cortex-m3 -std=gnu11 -g3 -DDEBUG -DUSE_HAL_DRIVER -DSTM32F103xB -c -I../Core/Inc -I../Drivers/STM32F1xx_HAL_Driver/Inc -I../Drivers/STM32F1xx_HAL_Driver/Inc/Legacy -I../Drivers/CMSIS/Device/ST/STM32F1xx/Include -I../Drivers/CMSIS/Include -O0 -ffunction-sections -fdata-sections -Wall -fstack-usage -MMD -MP -MF"Drivers/STM32F1xx_HAL_Driver/Src/stm32f1xx_hal_pwr.d" -MT"Drivers/STM32F1xx_HAL_Driver/Src/stm32f1xx_hal_pwr.o" --specs=nano.specs -mfloat-abi=soft -mthumb -o "Drivers/STM32F1xx_HAL_Driver/Src/stm32f1xx_hal_pwr.o"
arm-none-eabi-gcc "../Drivers/STM32F1xx_HAL_Driver/Src/stm32f1xx_hal_rcc.c" -mcpu=cortex-m3 -std=gnu11 -g3 -DDEBUG -DUSE_HAL_DRIVER -DSTM32F103xB -c -I../Core/Inc -I../Drivers/STM32F1xx_HAL_Driver/Inc -I../Drivers/STM32F1xx_HAL_Driver/Inc/Legacy -I../Drivers/CMSIS/Device/ST/STM32F1xx/Include -I../Drivers/CMSIS/Include -O0 -ffunction-sections -fdata-sections -Wall -fstack-usage -MMD -MP -MF"Drivers/STM32F1xx_HAL_Driver/Src/stm32f1xx_hal_rcc.d" -MT"Drivers/STM32F1xx_HAL_Driver/Src/stm32f1xx_hal_rcc.o" --specs=nano.specs -mfloat-abi=soft -mthumb -o "Drivers/STM32F1xx_HAL_Driver/Src/stm32f1xx_hal_rcc.o"
arm-none-eabi-gcc "../Drivers/STM32F1xx_HAL_Driver/Src/stm32f1xx_hal_rcc_ex.c" -mcpu=cortex-m3 -std=gnu11 -g3 -DDEBUG -DUSE_HAL_DRIVER -DSTM32F103xB -c -I../Core/Inc -I../Drivers/STM32F1xx_HAL_Driver/Inc -I../Drivers/STM32F1xx_HAL_Driver/Inc/Legacy -I../Drivers/CMSIS/Device/ST/STM32F1xx/Include -I../Drivers/CMSIS/Include -O0 -ffunction-sections -fdata-sections -Wall -fstack-usage -MMD -MP -MF"Drivers/STM32F1xx_HAL_Driver/Src/stm32f1xx_hal_rcc_ex.d" -MT"Drivers/STM32F1xx_HAL_Driver/Src/stm32f1xx_hal_rcc_ex.o" --specs=nano.specs -mfloat-abi=soft -mthumb -o "Drivers/STM32F1xx_HAL_Driver/Src/stm32f1xx_hal_rcc_ex.o"
arm-none-eabi-gcc "../Drivers/STM32F1xx_HAL_Driver/Src/stm32f1xx_hal_tim.c" -mcpu=cortex-m3 -std=gnu11 -g3 -DDEBUG -DUSE_HAL_DRIVER -DSTM32F103xB -c -I../Core/Inc -I../Drivers/STM32F1xx_HAL_Driver/Inc -I../Drivers/STM32F1xx_HAL_Driver/Inc/Legacy -I../Drivers/CMSIS/Device/ST/STM32F1xx/Include -I../Drivers/CMSIS/Include -O0 -ffunction-sections -fdata-sections -Wall -fstack-usage -MMD -MP -MF"Drivers/STM32F1xx_HAL_Driver/Src/stm32f1xx_hal_tim.d" -MT"Drivers/STM32F1xx_HAL_Driver/Src/stm32f1xx_hal_tim.o" --specs=nano.specs -mfloat-abi=soft -mthumb -o "Drivers/STM32F1xx_HAL_Driver/Src/stm32f1xx_hal_tim.o"
arm-none-eabi-gcc "../Drivers/STM32F1xx_HAL_Driver/Src/stm32f1xx_hal_tim_ex.c" -mcpu=cortex-m3 -std=gnu11 -g3 -DDEBUG -DUSE_HAL_DRIVER -DSTM32F103xB -c -I../Core/Inc -I../Drivers/STM32F1xx_HAL_Driver/Inc -I../Drivers/STM32F1xx_HAL_Driver/Inc/Legacy -I../Drivers/CMSIS/Device/ST/STM32F1xx/Include -I../Drivers/CMSIS/Include -O0 -ffunction-sections -fdata-sections -Wall -fstack-usage -MMD -MP -MF"Drivers/STM32F1xx_HAL_Driver/Src/stm32f1xx_hal_tim_ex.d" -MT"Drivers/STM32F1xx_HAL_Driver/Src/stm32f1xx_hal_tim_ex.o" --specs=nano.specs -mfloat-abi=soft -mthumb -o "Drivers/STM32F1xx_HAL_Driver/Src/stm32f1xx_hal_tim_ex.o"
arm-none-eabi-gcc "../Drivers/STM32F1xx_HAL_Driver/Src/stm32f1xx_hal_uart.c" -mcpu=cortex-m3 -std=gnu11 -g3 -DDEBUG -DUSE_HAL_DRIVER -DSTM32F103xB -c -I../Core/Inc -I../Drivers/STM32F1xx_HAL_Driver/Inc -I../Drivers/STM32F1xx_HAL_Driver/Inc/Legacy -I../Drivers/CMSIS/Device/ST/STM32F1xx/Include -I../Drivers/CMSIS/Include -O0 -ffunction-sections -fdata-sections -Wall -fstack-usage -MMD -MP -MF"Drivers/STM32F1xx_HAL_Driver/Src/stm32f1xx_hal_uart.d" -MT"Drivers/STM32F1xx_HAL_Driver/Src/stm32f1xx_hal_uart.o" --specs=nano.specs -mfloat-abi=soft -mthumb -o "Drivers/STM32F1xx_HAL_Driver/Src/stm32f1xx_hal_uart.o"
arm-none-eabi-gcc "../Core/Src/fnd_controller.c" -mcpu=cortex-m3 -std=gnu11 -g3 -DDEBUG -DUSE_HAL_DRIVER -DSTM32F103xB -c -I../Core/Inc -I../Drivers/STM32F1xx_HAL_Driver/Inc -I../Drivers/STM32F1xx_HAL_Driver/Inc/Legacy -I../Drivers/CMSIS/Device/ST/STM32F1xx/Include -I../Drivers/CMSIS/Include -I"F:/projectWork/3rd/3rd/Core/Lib/Inc" -O0 -ffunction-sections -fdata-sections -Wall -fstack-usage -MMD -MP -MF"Core/Src/fnd_controller.d" -MT"Core/Src/fnd_controller.o" --specs=nano.specs -mfloat-abi=soft -mthumb -o "Core/Src/fnd_controller.o"
arm-none-eabi-gcc "../Core/Src/heaterController.c" -mcpu=cortex-m3 -std=gnu11 -g3 -DDEBUG -DUSE_HAL_DRIVER -DSTM32F103xB -c -I../Core/Inc -I../Drivers/STM32F1xx_HAL_Driver/Inc -I../Drivers/STM32F1xx_HAL_Driver/Inc/Legacy -I../Drivers/CMSIS/Device/ST/STM32F1xx/Include -I../Drivers/CMSIS/Include -I"F:/projectWork/3rd/3rd/Core/Lib/Inc" -O0 -ffunction-sections -fdata-sections -Wall -fstack-usage -MMD -MP -MF"Core/Src/heaterController.d" -MT"Core/Src/heaterController.o" --specs=nano.specs -mfloat-abi=soft -mthumb -o "Core/Src/heaterController.o"
arm-none-eabi-gcc "../Core/Src/main.c" -mcpu=cortex-m3 -std=gnu11 -g3 -DDEBUG -DUSE_HAL_DRIVER -DSTM32F103xB -c -I../Core/Inc -I../Drivers/STM32F1xx_HAL_Driver/Inc -I../Drivers/STM32F1xx_HAL_Driver/Inc/Legacy -I../Drivers/CMSIS/Device/ST/STM32F1xx/Include -I../Drivers/CMSIS/Include -I"F:/projectWork/3rd/3rd/Core/Lib/Inc" -O0 -ffunction-sections -fdata-sections -Wall -fstack-usage -MMD -MP -MF"Core/Src/main.d" -MT"Core/Src/main.o" --specs=nano.specs -mfloat-abi=soft -mthumb -o "Core/Src/main.o"
../Core/Src/fnd_controller.c: In function 'digit4_show':
../Core/Src/fnd_controller.c:72:20: warning: suggest parentheses around comparison in operand of '|' [-Wparentheses]
   72 |   if (showZero | n > 9){
      |                  ~~^~~
../Core/Src/fnd_controller.c:75:20: warning: suggest parentheses around comparison in operand of '|' [-Wparentheses]
   75 |   if (showZero | n > 99){
      |                  ~~^~~~
../Core/Src/fnd_controller.c:78:20: warning: suggest parentheses around comparison in operand of '|' [-Wparentheses]
   78 |   if (showZero | n > 999){
      |                  ~~^~~~~
arm-none-eabi-gcc "../Core/Src/stm32f1xx_hal_msp.c" -mcpu=cortex-m3 -std=gnu11 -g3 -DDEBUG -DUSE_HAL_DRIVER -DSTM32F103xB -c -I../Core/Inc -I../Drivers/STM32F1xx_HAL_Driver/Inc -I../Drivers/STM32F1xx_HAL_Driver/Inc/Legacy -I../Drivers/CMSIS/Device/ST/STM32F1xx/Include -I../Drivers/CMSIS/Include -I"F:/projectWork/3rd/3rd/Core/Lib/Inc" -O0 -ffunction-sections -fdata-sections -Wall -fstack-usage -MMD -MP -MF"Core/Src/stm32f1xx_hal_msp.d" -MT"Core/Src/stm32f1xx_hal_msp.o" --specs=nano.specs -mfloat-abi=soft -mthumb -o "Core/Src/stm32f1xx_hal_msp.o"
arm-none-eabi-gcc "../Core/Src/stm32f1xx_it.c" -mcpu=cortex-m3 -std=gnu11 -g3 -DDEBUG -DUSE_HAL_DRIVER -DSTM32F103xB -c -I../Core/Inc -I../Drivers/STM32F1xx_HAL_Driver/Inc -I../Drivers/STM32F1xx_HAL_Driver/Inc/Legacy -I../Drivers/CMSIS/Device/ST/STM32F1xx/Include -I../Drivers/CMSIS/Include -I"F:/projectWork/3rd/3rd/Core/Lib/Inc" -O0 -ffunction-sections -fdata-sections -Wall -fstack-usage -MMD -MP -MF"Core/Src/stm32f1xx_it.d" -MT"Core/Src/stm32f1xx_it.o" --specs=nano.specs -mfloat-abi=soft -mthumb -o "Core/Src/stm32f1xx_it.o"
arm-none-eabi-gcc "../Core/Src/system_stm32f1xx.c" -mcpu=cortex-m3 -std=gnu11 -g3 -DDEBUG -DUSE_HAL_DRIVER -DSTM32F103xB -c -I../Core/Inc -I../Drivers/STM32F1xx_HAL_Driver/Inc -I../Drivers/STM32F1xx_HAL_Driver/Inc/Legacy -I../Drivers/CMSIS/Device/ST/STM32F1xx/Include -I../Drivers/CMSIS/Include -I"F:/projectWork/3rd/3rd/Core/Lib/Inc" -O0 -ffunction-sections -fdata-sections -Wall -fstack-usage -MMD -MP -MF"Core/Src/system_stm32f1xx.d" -MT"Core/Src/system_stm32f1xx.o" --specs=nano.specs -mfloat-abi=soft -mthumb -o "Core/Src/system_stm32f1xx.o"
arm-none-eabi-gcc "../Core/Lib/Src/ds18b20.c" -mcpu=cortex-m3 -std=gnu11 -g3 -DDEBUG -DUSE_HAL_DRIVER -DSTM32F103xB -c -I../Core/Inc -I../Drivers/STM32F1xx_HAL_Driver/Inc -I../Drivers/STM32F1xx_HAL_Driver/Inc/Legacy -I../Drivers/CMSIS/Device/ST/STM32F1xx/Include -I../Drivers/CMSIS/Include -I"F:/projectWork/3rd/3rd/Core/Lib/Inc" -O0 -ffunction-sections -fdata-sections -Wall -fstack-usage -MMD -MP -MF"Core/Lib/Src/ds18b20.d" -MT"Core/Lib/Src/ds18b20.o" --specs=nano.specs -mfloat-abi=soft -mthumb -o "Core/Lib/Src/ds18b20.o"
arm-none-eabi-gcc "../Core/Lib/Src/fonts.c" -mcpu=cortex-m3 -std=gnu11 -g3 -DDEBUG -DUSE_HAL_DRIVER -DSTM32F103xB -c -I../Core/Inc -I../Drivers/STM32F1xx_HAL_Driver/Inc -I../Drivers/STM32F1xx_HAL_Driver/Inc/Legacy -I../Drivers/CMSIS/Device/ST/STM32F1xx/Include -I../Drivers/CMSIS/Include -I"F:/projectWork/3rd/3rd/Core/Lib/Inc" -O0 -ffunction-sections -fdata-sections -Wall -fstack-usage -MMD -MP -MF"Core/Lib/Src/fonts.d" -MT"Core/Lib/Src/fonts.o" --specs=nano.specs -mfloat-abi=soft -mthumb -o "Core/Lib/Src/fonts.o"
arm-none-eabi-gcc "../Core/Lib/Src/onewire.c" -mcpu=cortex-m3 -std=gnu11 -g3 -DDEBUG -DUSE_HAL_DRIVER -DSTM32F103xB -c -I../Core/Inc -I../Drivers/STM32F1xx_HAL_Driver/Inc -I../Drivers/STM32F1xx_HAL_Driver/Inc/Legacy -I../Drivers/CMSIS/Device/ST/STM32F1xx/Include -I../Drivers/CMSIS/Include -I"F:/projectWork/3rd/3rd/Core/Lib/Inc" -O0 -ffunction-sections -fdata-sections -Wall -fstack-usage -MMD -MP -MF"Core/Lib/Src/onewire.d" -MT"Core/Lib/Src/onewire.o" --specs=nano.specs -mfloat-abi=soft -mthumb -o "Core/Lib/Src/onewire.o"
../Core/Src/main.c: In function 'main':
../Core/Src/main.c:92:8: warning: unused variable 'temper' [-Wunused-variable]
   92 |  float temper = 0.0;
      |        ^~~~~~
arm-none-eabi-gcc "../Core/Lib/Src/ssd1306.c" -mcpu=cortex-m3 -std=gnu11 -g3 -DDEBUG -DUSE_HAL_DRIVER -DSTM32F103xB -c -I../Core/Inc -I../Drivers/STM32F1xx_HAL_Driver/Inc -I../Drivers/STM32F1xx_HAL_Driver/Inc/Legacy -I../Drivers/CMSIS/Device/ST/STM32F1xx/Include -I../Drivers/CMSIS/Include -I"F:/projectWork/3rd/3rd/Core/Lib/Inc" -O0 -ffunction-sections -fdata-sections -Wall -fstack-usage -MMD -MP -MF"Core/Lib/Src/ssd1306.d" -MT"Core/Lib/Src/ssd1306.o" --specs=nano.specs -mfloat-abi=soft -mthumb -o "Core/Lib/Src/ssd1306.o"
arm-none-eabi-gcc "../Core/Lib/Src/test.c" -mcpu=cortex-m3 -std=gnu11 -g3 -DDEBUG -DUSE_HAL_DRIVER -DSTM32F103xB -c -I../Core/Inc -I../Drivers/STM32F1xx_HAL_Driver/Inc -I../Drivers/STM32F1xx_HAL_Driver/Inc/Legacy -I../Drivers/CMSIS/Device/ST/STM32F1xx/Include -I../Drivers/CMSIS/Include -I"F:/projectWork/3rd/3rd/Core/Lib/Inc" -O0 -ffunction-sections -fdata-sections -Wall -fstack-usage -MMD -MP -MF"Core/Lib/Src/test.d" -MT"Core/Lib/Src/test.o" --specs=nano.specs -mfloat-abi=soft -mthumb -o "Core/Lib/Src/test.o"
arm-none-eabi-gcc -o "3rd.elf" @"objects.list"   -mcpu=cortex-m3 -T"F:\projectWork\3rd\3rd\STM32F103C8TX_FLASH.ld" --specs=nosys.specs -Wl,-Map="3rd.map" -Wl,--gc-sections -static -u _printf_float --specs=nano.specs -mfloat-abi=soft -mthumb -Wl,--start-group -lc -lm -Wl,--end-group
c:\st\stm32cubeide_1.7.0\stm32cubeide\plugins\com.st.stm32cube.ide.mcu.externaltools.gnu-tools-for-stm32.9-2020-q2-update.win32_2.0.0.202105311346\tools\arm-none-eabi\bin\ld.exe: ./Core/Lib/Src/ssd1306.o: in function `SSD1306_Init':
F:/projectWork/3rd/3rd/Debug/../Core/Lib/Src/ssd1306.c:228: undefined reference to `hi2c1'
c:\st\stm32cubeide_1.7.0\stm32cubeide\plugins\com.st.stm32cube.ide.mcu.externaltools.gnu-tools-for-stm32.9-2020-q2-update.win32_2.0.0.202105311346\tools\arm-none-eabi\bin\ld.exe: ./Core/Lib/Src/ssd1306.o: in function `ssd1306_I2C_WriteMulti':
F:/projectWork/3rd/3rd/Debug/../Core/Lib/Src/ssd1306.c:649: undefined reference to `hi2c1'
c:\st\stm32cubeide_1.7.0\stm32cubeide\plugins\com.st.stm32cube.ide.mcu.externaltools.gnu-tools-for-stm32.9-2020-q2-update.win32_2.0.0.202105311346\tools\arm-none-eabi\bin\ld.exe: ./Core/Lib/Src/ssd1306.o: in function `ssd1306_I2C_Write':
F:/projectWork/3rd/3rd/Debug/../Core/Lib/Src/ssd1306.c:657: undefined reference to `hi2c1'
collect2.exe: error: ld returned 1 exit status
make: *** [makefile:66: 3rd.elf] Error 1
"make -j8 all" terminated with exit code 2. Build might be incomplete.
23:10:49 **** Incremental Build of configuration Debug for project 3rd ****
make -j8 all 
arm-none-eabi-gcc "../Core/Src/main.c" -mcpu=cortex-m3 -std=gnu11 -g3 -DDEBUG -DUSE_HAL_DRIVER -DSTM32F103xB -c -I../Core/Inc -I../Drivers/STM32F1xx_HAL_Driver/Inc -I../Drivers/STM32F1xx_HAL_Driver/Inc/Legacy -I../Drivers/CMSIS/Device/ST/STM32F1xx/Include -I../Drivers/CMSIS/Include -I"F:/projectWork/3rd/3rd/Core/Lib/Inc" -O0 -ffunction-sections -fdata-sections -Wall -fstack-usage -MMD -MP -MF"Core/Src/main.d" -MT"Core/Src/main.o" --specs=nano.specs -mfloat-abi=soft -mthumb -o "Core/Src/main.o"
arm-none-eabi-gcc "../Core/Lib/Src/ssd1306.c" -mcpu=cortex-m3 -std=gnu11 -g3 -DDEBUG -DUSE_HAL_DRIVER -DSTM32F103xB -c -I../Core/Inc -I../Drivers/STM32F1xx_HAL_Driver/Inc -I../Drivers/STM32F1xx_HAL_Driver/Inc/Legacy -I../Drivers/CMSIS/Device/ST/STM32F1xx/Include -I../Drivers/CMSIS/Include -I"F:/projectWork/3rd/3rd/Core/Lib/Inc" -O0 -ffunction-sections -fdata-sections -Wall -fstack-usage -MMD -MP -MF"Core/Lib/Src/ssd1306.d" -MT"Core/Lib/Src/ssd1306.o" --specs=nano.specs -mfloat-abi=soft -mthumb -o "Core/Lib/Src/ssd1306.o"
arm-none-eabi-gcc "../Core/Lib/Src/test.c" -mcpu=cortex-m3 -std=gnu11 -g3 -DDEBUG -DUSE_HAL_DRIVER -DSTM32F103xB -c -I../Core/Inc -I../Drivers/STM32F1xx_HAL_Driver/Inc -I../Drivers/STM32F1xx_HAL_Driver/Inc/Legacy -I../Drivers/CMSIS/Device/ST/STM32F1xx/Include -I../Drivers/CMSIS/Include -I"F:/projectWork/3rd/3rd/Core/Lib/Inc" -O0 -ffunction-sections -fdata-sections -Wall -fstack-usage -MMD -MP -MF"Core/Lib/Src/test.d" -MT"Core/Lib/Src/test.o" --specs=nano.specs -mfloat-abi=soft -mthumb -o "Core/Lib/Src/test.o"
../Core/Src/main.c: In function 'main':
../Core/Src/main.c:92:8: warning: unused variable 'temper' [-Wunused-variable]
   92 |  float temper = 0.0;
      |        ^~~~~~
arm-none-eabi-gcc -o "3rd.elf" @"objects.list"   -mcpu=cortex-m3 -T"F:\projectWork\3rd\3rd\STM32F103C8TX_FLASH.ld" --specs=nosys.specs -Wl,-Map="3rd.map" -Wl,--gc-sections -static -u _printf_float --specs=nano.specs -mfloat-abi=soft -mthumb -Wl,--start-group -lc -lm -Wl,--end-group
Finished building target: 3rd.elf
 
arm-none-eabi-size   3rd.elf 
arm-none-eabi-objdump -h -S  3rd.elf  > "3rd.list"
arm-none-eabi-objcopy  -O binary  3rd.elf  "3rd.bin"
   text	   data	    bss	    dec	    hex	filename
  31900	    492	   3020	  35412	   8a54	3rd.elf
Finished building: default.size.stdout
 
Finished building: 3rd.bin
 
Finished building: 3rd.list
 
23:11:01 **** Incremental Build of configuration Debug for project 3rd ****
make -j8 all 
arm-none-eabi-gcc "../Core/Src/main.c" -mcpu=cortex-m3 -std=gnu11 -g3 -DDEBUG -DUSE_HAL_DRIVER -DSTM32F103xB -c -I../Core/Inc -I../Drivers/STM32F1xx_HAL_Driver/Inc -I../Drivers/STM32F1xx_HAL_Driver/Inc/Legacy -I../Drivers/CMSIS/Device/ST/STM32F1xx/Include -I../Drivers/CMSIS/Include -I"F:/projectWork/3rd/3rd/Core/Lib/Inc" -O0 -ffunction-sections -fdata-sections -Wall -fstack-usage -MMD -MP -MF"Core/Src/main.d" -MT"Core/Src/main.o" --specs=nano.specs -mfloat-abi=soft -mthumb -o "Core/Src/main.o"
arm-none-eabi-gcc -o "3rd.elf" @"objects.list"   -mcpu=cortex-m3 -T"F:\projectWork\3rd\3rd\STM32F103C8TX_FLASH.ld" --specs=nosys.specs -Wl,-Map="3rd.map" -Wl,--gc-sections -static -u _printf_float --specs=nano.specs -mfloat-abi=soft -mthumb -Wl,--start-group -lc -lm -Wl,--end-group
Finished building target: 3rd.elf
 
arm-none-eabi-size   3rd.elf 
arm-none-eabi-objdump -h -S  3rd.elf  > "3rd.list"
arm-none-eabi-objcopy  -O binary  3rd.elf  "3rd.bin"
   text	   data	    bss	    dec	    hex	filename
  31892	    492	   3020	  35404	   8a4c	3rd.elf
Finished building: default.size.stdout
 
Finished building: 3rd.bin
 
Finished building: 3rd.list
 
23:11:41 **** Incremental Build of configuration Debug for project 3rd ****
make -j8 all 
arm-none-eabi-gcc "../Core/Src/main.c" -mcpu=cortex-m3 -std=gnu11 -g3 -DDEBUG -DUSE_HAL_DRIVER -DSTM32F103xB -c -I../Core/Inc -I../Drivers/STM32F1xx_HAL_Driver/Inc -I../Drivers/STM32F1xx_HAL_Driver/Inc/Legacy -I../Drivers/CMSIS/Device/ST/STM32F1xx/Include -I../Drivers/CMSIS/Include -I"F:/projectWork/3rd/3rd/Core/Lib/Inc" -O0 -ffunction-sections -fdata-sections -Wall -fstack-usage -MMD -MP -MF"Core/Src/main.d" -MT"Core/Src/main.o" --specs=nano.specs -mfloat-abi=soft -mthumb -o "Core/Src/main.o"
arm-none-eabi-gcc "../Core/Lib/Src/ssd1306.c" -mcpu=cortex-m3 -std=gnu11 -g3 -DDEBUG -DUSE_HAL_DRIVER -DSTM32F103xB -c -I../Core/Inc -I../Drivers/STM32F1xx_HAL_Driver/Inc -I../Drivers/STM32F1xx_HAL_Driver/Inc/Legacy -I../Drivers/CMSIS/Device/ST/STM32F1xx/Include -I../Drivers/CMSIS/Include -I"F:/projectWork/3rd/3rd/Core/Lib/Inc" -O0 -ffunction-sections -fdata-sections -Wall -fstack-usage -MMD -MP -MF"Core/Lib/Src/ssd1306.d" -MT"Core/Lib/Src/ssd1306.o" --specs=nano.specs -mfloat-abi=soft -mthumb -o "Core/Lib/Src/ssd1306.o"
arm-none-eabi-gcc "../Core/Lib/Src/test.c" -mcpu=cortex-m3 -std=gnu11 -g3 -DDEBUG -DUSE_HAL_DRIVER -DSTM32F103xB -c -I../Core/Inc -I../Drivers/STM32F1xx_HAL_Driver/Inc -I../Drivers/STM32F1xx_HAL_Driver/Inc/Legacy -I../Drivers/CMSIS/Device/ST/STM32F1xx/Include -I../Drivers/CMSIS/Include -I"F:/projectWork/3rd/3rd/Core/Lib/Inc" -O0 -ffunction-sections -fdata-sections -Wall -fstack-usage -MMD -MP -MF"Core/Lib/Src/test.d" -MT"Core/Lib/Src/test.o" --specs=nano.specs -mfloat-abi=soft -mthumb -o "Core/Lib/Src/test.o"
arm-none-eabi-gcc -o "3rd.elf" @"objects.list"   -mcpu=cortex-m3 -T"F:\projectWork\3rd\3rd\STM32F103C8TX_FLASH.ld" --specs=nosys.specs -Wl,-Map="3rd.map" -Wl,--gc-sections -static -u _printf_float --specs=nano.specs -mfloat-abi=soft -mthumb -Wl,--start-group -lc -lm -Wl,--end-group
Finished building target: 3rd.elf
 
arm-none-eabi-size   3rd.elf 
arm-none-eabi-objdump -h -S  3rd.elf  > "3rd.list"
arm-none-eabi-objcopy  -O binary  3rd.elf  "3rd.bin"
   text	   data	    bss	    dec	    hex	filename
  31892	    492	   3020	  35404	   8a4c	3rd.elf
Finished building: default.size.stdout
 
Finished building: 3rd.bin
 
Finished building: 3rd.list
 
23:15:55 **** Incremental Build of configuration Debug for project 3rd ****
make -j8 all 
arm-none-eabi-size   3rd.elf 
   text	   data	    bss	    dec	    hex	filename
  31892	    492	   3020	  35404	   8a4c	3rd.elf
Finished building: default.size.stdout
 
23:17:04 **** Incremental Build of configuration Debug for project 3rd ****
make -j8 all 
arm-none-eabi-size   3rd.elf 
   text	   data	    bss	    dec	    hex	filename
  31892	    492	   3020	  35404	   8a4c	3rd.elf
Finished building: default.size.stdout
 
23:17:48 **** Incremental Build of configuration Debug for project 3rd ****
make -j8 all 
arm-none-eabi-gcc "../Core/Src/main.c" -mcpu=cortex-m3 -std=gnu11 -g3 -DDEBUG -DUSE_HAL_DRIVER -DSTM32F103xB -c -I../Core/Inc -I../Drivers/STM32F1xx_HAL_Driver/Inc -I../Drivers/STM32F1xx_HAL_Driver/Inc/Legacy -I../Drivers/CMSIS/Device/ST/STM32F1xx/Include -I../Drivers/CMSIS/Include -I"F:/projectWork/3rd/3rd/Core/Lib/Inc" -O0 -ffunction-sections -fdata-sections -Wall -fstack-usage -MMD -MP -MF"Core/Src/main.d" -MT"Core/Src/main.o" --specs=nano.specs -mfloat-abi=soft -mthumb -o "Core/Src/main.o"
../Core/Src/main.c:331:13: warning: 'MX_USART1_UART_Init' defined but not used [-Wunused-function]
  331 | static void MX_USART1_UART_Init(void)
      |             ^~~~~~~~~~~~~~~~~~~
../Core/Src/main.c:286:13: warning: 'MX_TIM3_Init' defined but not used [-Wunused-function]
  286 | static void MX_TIM3_Init(void)
      |             ^~~~~~~~~~~~
../Core/Src/main.c:241:13: warning: 'MX_TIM2_Init' defined but not used [-Wunused-function]
  241 | static void MX_TIM2_Init(void)
      |             ^~~~~~~~~~~~
../Core/Src/main.c:207:13: warning: 'MX_I2C2_Init' defined but not used [-Wunused-function]
  207 | static void MX_I2C2_Init(void)
      |             ^~~~~~~~~~~~
arm-none-eabi-gcc -o "3rd.elf" @"objects.list"   -mcpu=cortex-m3 -T"F:\projectWork\3rd\3rd\STM32F103C8TX_FLASH.ld" --specs=nosys.specs -Wl,-Map="3rd.map" -Wl,--gc-sections -static -u _printf_float --specs=nano.specs -mfloat-abi=soft -mthumb -Wl,--start-group -lc -lm -Wl,--end-group
Finished building target: 3rd.elf
 
arm-none-eabi-size   3rd.elf 
arm-none-eabi-objdump -h -S  3rd.elf  > "3rd.list"
arm-none-eabi-objcopy  -O binary  3rd.elf  "3rd.bin"
   text	   data	    bss	    dec	    hex	filename
  28476	    492	   3020	  31988	   7cf4	3rd.elf
Finished building: default.size.stdout
 
Finished building: 3rd.bin
 
Finished building: 3rd.list
 
23:20:10 **** Incremental Build of configuration Debug for project 3rd ****
make -j8 all 
arm-none-eabi-gcc "../Core/Src/main.c" -mcpu=cortex-m3 -std=gnu11 -g3 -DDEBUG -DUSE_HAL_DRIVER -DSTM32F103xB -c -I../Core/Inc -I../Drivers/STM32F1xx_HAL_Driver/Inc -I../Drivers/STM32F1xx_HAL_Driver/Inc/Legacy -I../Drivers/CMSIS/Device/ST/STM32F1xx/Include -I../Drivers/CMSIS/Include -I"F:/projectWork/3rd/3rd/Core/Lib/Inc" -O0 -ffunction-sections -fdata-sections -Wall -fstack-usage -MMD -MP -MF"Core/Src/main.d" -MT"Core/Src/main.o" --specs=nano.specs -mfloat-abi=soft -mthumb -o "Core/Src/main.o"
../Core/Src/main.c:417:13: warning: 'MX_USART1_UART_Init' defined but not used [-Wunused-function]
  417 | static void MX_USART1_UART_Init(void)
      |             ^~~~~~~~~~~~~~~~~~~
../Core/Src/main.c:372:13: warning: 'MX_TIM3_Init' defined but not used [-Wunused-function]
  372 | static void MX_TIM3_Init(void)
      |             ^~~~~~~~~~~~
../Core/Src/main.c:327:13: warning: 'MX_TIM2_Init' defined but not used [-Wunused-function]
  327 | static void MX_TIM2_Init(void)
      |             ^~~~~~~~~~~~
arm-none-eabi-gcc -o "3rd.elf" @"objects.list"   -mcpu=cortex-m3 -T"F:\projectWork\3rd\3rd\STM32F103C8TX_FLASH.ld" --specs=nosys.specs -Wl,-Map="3rd.map" -Wl,--gc-sections -static -u _printf_float --specs=nano.specs -mfloat-abi=soft -mthumb -Wl,--start-group -lc -lm -Wl,--end-group
Finished building target: 3rd.elf
 
arm-none-eabi-size   3rd.elf 
arm-none-eabi-objdump -h -S  3rd.elf  > "3rd.list"
arm-none-eabi-objcopy  -O binary  3rd.elf  "3rd.bin"
   text	   data	    bss	    dec	    hex	filename
  41924	    492	   3020	  45436	   b17c	3rd.elf
Finished building: default.size.stdout
 
Finished building: 3rd.bin
 
[...]
../Core/Src/oledController.c: In function 'startToggle':
../Core/Src/oledController.c:59:2: error: 'm_toggle_count' undeclared (first use in this function)
   59 |  m_toggle_count = 4;
      |  ^~~~~~~~~~~~~~
make: *** [Core/Src/subdir.mk:55: Core/Src/oledController.o] Error 1
make: *** Waiting for unfinished jobs....
"make -j8 all" terminated with exit code 2. Build might be incomplete.
22:47:42 **** Incremental Build of configuration Debug for project 3rd ****
make -j8 all 
arm-none-eabi-gcc "../Core/Src/oledController.c" -mcpu=cortex-m3 -std=gnu11 -g3 -DDEBUG -DUSE_HAL_DRIVER -DSTM32F103xB -c -I../Core/Inc -I../Drivers/STM32F1xx_HAL_Driver/Inc -I../Drivers/STM32F1xx_HAL_Driver/Inc/Legacy -I../Drivers/CMSIS/Device/ST/STM32F1xx/Include -I../Drivers/CMSIS/Include -I"F:/projectWork/3rd/3rd/Core/Lib/Inc" -O0 -ffunction-sections -fdata-sections -Wall -fstack-usage -MMD -MP -MF"Core/Src/oledController.d" -MT"Core/Src/oledController.o" --specs=nano.specs -mfloat-abi=soft -mthumb -o "Core/Src/oledController.o"
arm-none-eabi-gcc -o "3rd.elf" @"objects.list"   -mcpu=cortex-m3 -T"F:\projectWork\3rd\3rd\STM32F103C8TX_FLASH.ld" --specs=nosys.specs -Wl,-Map="3rd.map" -Wl,--gc-sections -static -u _printf_float --specs=nano.specs -mfloat-abi=soft -mthumb -Wl,--start-group -lc -lm -Wl,--end-group
Finished building target: 3rd.elf
 
arm-none-eabi-size   3rd.elf 
arm-none-eabi-objdump -h -S  3rd.elf  > "3rd.list"
arm-none-eabi-objcopy  -O binary  3rd.elf  "3rd.bin"
   text	   data	    bss	    dec	    hex	filename
  38980	    500	   3148	  42628	   a684	3rd.elf
Finished building: default.size.stdout
 
Finished building: 3rd.bin
 
Finished building: 3rd.list
 
22:47:51 **** Incremental Build of configuration Debug for project 3rd ****
make -j8 all 
arm-none-eabi-size   3rd.elf 
   text	   data	    bss	    dec	    hex	filename
  38980	    500	   3148	  42628	   a684	3rd.elf
Finished building: default.size.stdout
 
22:49:23 **** Incremental Build of configuration Debug for project 3rd ****
make -j8 all 
arm-none-eabi-gcc "../Core/Src/oledController.c" -mcpu=cortex-m3 -std=gnu11 -g3 -DDEBUG -DUSE_HAL_DRIVER -DSTM32F103xB -c -I../Core/Inc -I../Drivers/STM32F1xx_HAL_Driver/Inc -I../Drivers/STM32F1xx_HAL_Driver/Inc/Legacy -I../Drivers/CMSIS/Device/ST/STM32F1xx/Include -I../Drivers/CMSIS/Include -I"F:/projectWork/3rd/3rd/Core/Lib/Inc" -O0 -ffunction-sections -fdata-sections -Wall -fstack-usage -MMD -MP -MF"Core/Src/oledController.d" -MT"Core/Src/oledController.o" --specs=nano.specs -mfloat-abi=soft -mthumb -o "Core/Src/oledController.o"
arm-none-eabi-gcc -o "3rd.elf" @"objects.list"   -mcpu=cortex-m3 -T"F:\projectWork\3rd\3rd\STM32F103C8TX_FLASH.ld" --specs=nosys.specs -Wl,-Map="3rd.map" -Wl,--gc-sections -static -u _printf_float --specs=nano.specs -mfloat-abi=soft -mthumb -Wl,--start-group -lc -lm -Wl,--end-group
Finished building target: 3rd.elf
 
arm-none-eabi-size   3rd.elf 
arm-none-eabi-objdump -h -S  3rd.elf  > "3rd.list"
arm-none-eabi-objcopy  -O binary  3rd.elf  "3rd.bin"
   text	   data	    bss	    dec	    hex	filename
  38988	    500	   3148	  42636	   a68c	3rd.elf
Finished building: default.size.stdout
 
Finished building: 3rd.bin
 
Finished building: 3rd.list
 
22:49:35 **** Incremental Build of configuration Debug for project 3rd ****
make -j8 all 
arm-none-eabi-size   3rd.elf 
   text	   data	    bss	    dec	    hex	filename
  38988	    500	   3148	  42636	   a68c	3rd.elf
Finished building: default.size.stdout
 
23:02:10 **** Incremental Build of configuration Debug for project 3rd ****
make -j8 all 
arm-none-eabi-gcc "../Core/Src/buttonController.c" -mcpu=cortex-m3 -std=gnu11 -g3 -DDEBUG -DUSE_HAL_DRIVER -DSTM32F103xB -c -I../Core/Inc -I../Drivers/STM32F1xx_HAL_Driver/Inc -I../Drivers/STM32F1xx_HAL_Driver/Inc/Legacy -I../Drivers/CMSIS/Device/ST/STM32F1xx/Include -I../Drivers/CMSIS/Include -I"F:/projectWork/3rd/3rd/Core/Lib/Inc" -O0 -ffunction-sections -fdata-sections -Wall -fstack-usage -MMD -MP -MF"Core/Src/buttonController.d" -MT"Core/Src/buttonController.o" --specs=nano.specs -mfloat-abi=soft -mthumb -o "Core/Src/buttonController.o"
arm-none-eabi-gcc "../Core/Src/heaterController.c" -mcpu=cortex-m3 -std=gnu11 -g3 -DDEBUG -DUSE_HAL_DRIVER -DSTM32F103xB -c -I../Core/Inc -I../Drivers/STM32F1xx_HAL_Driver/Inc -I../Drivers/STM32F1xx_HAL_Driver/Inc/Legacy -I../Drivers/CMSIS/Device/ST/STM32F1xx/Include -I../Drivers/CMSIS/Include -I"F:/projectWork/3rd/3rd/Core/Lib/Inc" -O0 -ffunction-sections -fdata-sections -Wall -fstack-usage -MMD -MP -MF"Core/Src/heaterController.d" -MT"Core/Src/heaterController.o" --specs=nano.specs -mfloat-abi=soft -mthumb -o "Core/Src/heaterController.o"
arm-none-eabi-gcc "../Core/Src/main.c" -mcpu=cortex-m3 -std=gnu11 -g3 -DDEBUG -DUSE_HAL_DRIVER -DSTM32F103xB -c -I../Core/Inc -I../Drivers/STM32F1xx_HAL_Driver/Inc -I../Drivers/STM32F1xx_HAL_Driver/Inc/Legacy -I../Drivers/CMSIS/Device/ST/STM32F1xx/Include -I../Drivers/CMSIS/Include -I"F:/projectWork/3rd/3rd/Core/Lib/Inc" -O0 -ffunction-sections -fdata-sections -Wall -fstack-usage -MMD -MP -MF"Core/Src/main.d" -MT"Core/Src/main.o" --specs=nano.specs -mfloat-abi=soft -mthumb -o "Core/Src/main.o"
arm-none-eabi-gcc "../Core/Src/oledController.c" -mcpu=cortex-m3 -std=gnu11 -g3 -DDEBUG -DUSE_HAL_DRIVER -DSTM32F103xB -c -I../Core/Inc -I../Drivers/STM32F1xx_HAL_Driver/Inc -I../Drivers/STM32F1xx_HAL_Driver/Inc/Legacy -I../Drivers/CMSIS/Device/ST/STM32F1xx/Include -I../Drivers/CMSIS/Include -I"F:/projectWork/3rd/3rd/Core/Lib/Inc" -O0 -ffunction-sections -fdata-sections -Wall -fstack-usage -MMD -MP -MF"Core/Src/oledController.d" -MT"Core/Src/oledController.o" --specs=nano.specs -mfloat-abi=soft -mthumb -o "Core/Src/oledController.o"
arm-none-eabi-gcc "../Core/Src/stm32f1xx_it.c" -mcpu=cortex-m3 -std=gnu11 -g3 -DDEBUG -DUSE_HAL_DRIVER -DSTM32F103xB -c -I../Core/Inc -I../Drivers/STM32F1xx_HAL_Driver/Inc -I../Drivers/STM32F1xx_HAL_Driver/Inc/Legacy -I../Drivers/CMSIS/Device/ST/STM32F1xx/Include -I../Drivers/CMSIS/Include -I"F:/projectWork/3rd/3rd/Core/Lib/Inc" -O0 -ffunction-sections -fdata-sections -Wall -fstack-usage -MMD -MP -MF"Core/Src/stm32f1xx_it.d" -MT"Core/Src/stm32f1xx_it.o" --specs=nano.specs -mfloat-abi=soft -mthumb -o "Core/Src/stm32f1xx_it.o"
../Core/Src/oledController.c: In function 'toggleScreen':
../Core/Src/oledController.c:54:4: warning: implicit declaration of function 'printBackground' [-Wimplicit-function-declaration]
   54 |    printBackground();
      |    ^~~~~~~~~~~~~~~
../Core/Src/oledController.c: At top level:
../Core/Src/oledController.c:88:6: warning: conflicting types for 'printBackground'
   88 | void printBackground() {
      |      ^~~~~~~~~~~~~~~
../Core/Src/oledController.c:54:4: note: previous implicit declaration of 'printBackground' was here
   54 |    printBackground();
      |    ^~~~~~~~~~~~~~~
arm-none-eabi-gcc -o "3rd.elf" @"objects.list"   -mcpu=cortex-m3 -T"F:\projectWork\3rd\3rd\STM32F103C8TX_FLASH.ld" --specs=nosys.specs -Wl,-Map="3rd.map" -Wl,--gc-sections -static -u _printf_float --specs=nano.specs -mfloat-abi=soft -mthumb -Wl,--start-group -lc -lm -Wl,--end-group
Finished building target: 3rd.elf
 
arm-none-eabi-size   3rd.elf 
arm-none-eabi-objdump -h -S  3rd.elf  > "3rd.list"
arm-none-eabi-objcopy  -O binary  3rd.elf  "3rd.bin"
   text	   data	    bss	    dec	    hex	filename
  39252	    500	   3148	  42900	   a794	3rd.elf
Finished building: default.size.stdout
 
Finished building: 3rd.bin
 
Finished building: 3rd.list
 
23:02:35 **** Incremental Build of configuration Debug for project 3rd ****
make -j8 all 
arm-none-eabi-gcc "../Core/Src/buttonController.c" -mcpu=cortex-m3 -std=gnu11 -g3 -DDEBUG -DUSE_HAL_DRIVER -DSTM32F103xB -c -I../Core/Inc -I../Drivers/STM32F1xx_HAL_Driver/Inc -I../Drivers/STM32F1xx_HAL_Driver/Inc/Legacy -I../Drivers/CMSIS/Device/ST/STM32F1xx/Include -I../Drivers/CMSIS/Include -I"F:/projectWork/3rd/3rd/Core/Lib/Inc" -O0 -ffunction-sections -fdata-sections -Wall -fstack-usage -MMD -MP -MF"Core/Src/buttonController.d" -MT"Core/Src/buttonController.o" --specs=nano.specs -mfloat-abi=soft -mthumb -o "Core/Src/buttonController.o"
arm-none-eabi-gcc "../Core/Src/heaterController.c" -mcpu=cortex-m3 -std=gnu11 -g3 -DDEBUG -DUSE_HAL_DRIVER -DSTM32F103xB -c -I../Core/Inc -I../Drivers/STM32F1xx_HAL_Driver/Inc -I../Drivers/STM32F1xx_HAL_Driver/Inc/Legacy -I../Drivers/CMSIS/Device/ST/STM32F1xx/Include -I../Drivers/CMSIS/Include -I"F:/projectWork/3rd/3rd/Core/Lib/Inc" -O0 -ffunction-sections -fdata-sections -Wall -fstack-usage -MMD -MP -MF"Core/Src/heaterController.d" -MT"Core/Src/heaterController.o" --specs=nano.specs -mfloat-abi=soft -mthumb -o "Core/Src/heaterController.o"
arm-none-eabi-gcc "../Core/Src/main.c" -mcpu=cortex-m3 -std=gnu11 -g3 -DDEBUG -DUSE_HAL_DRIVER -DSTM32F103xB -c -I../Core/Inc -I../Drivers/STM32F1xx_HAL_Driver/Inc -I../Drivers/STM32F1xx_HAL_Driver/Inc/Legacy -I../Drivers/CMSIS/Device/ST/STM32F1xx/Include -I../Drivers/CMSIS/Include -I"F:/projectWork/3rd/3rd/Core/Lib/Inc" -O0 -ffunction-sections -fdata-sections -Wall -fstack-usage -MMD -MP -MF"Core/Src/main.d" -MT"Core/Src/main.o" --specs=nano.specs -mfloat-abi=soft -mthumb -o "Core/Src/main.o"
arm-none-eabi-gcc "../Core/Src/oledController.c" -mcpu=cortex-m3 -std=gnu11 -g3 -DDEBUG -DUSE_HAL_DRIVER -DSTM32F103xB -c -I../Core/Inc -I../Drivers/STM32F1xx_HAL_Driver/Inc -I../Drivers/STM32F1xx_HAL_Driver/Inc/Legacy -I../Drivers/CMSIS/Device/ST/STM32F1xx/Include -I../Drivers/CMSIS/Include -I"F:/projectWork/3rd/3rd/Core/Lib/Inc" -O0 -ffunction-sections -fdata-sections -Wall -fstack-usage -MMD -MP -MF"Core/Src/oledController.d" -MT"Core/Src/oledController.o" --specs=nano.specs -mfloat-abi=soft -mthumb -o "Core/Src/oledController.o"
arm-none-eabi-gcc "../Core/Src/stm32f1xx_it.c" -mcpu=cortex-m3 -std=gnu11 -g3 -DDEBUG -DUSE_HAL_DRIVER -DSTM32F103xB -c -I../Core/Inc -I../Drivers/STM32F1xx_HAL_Driver/Inc -I../Drivers/STM32F1xx_HAL_Driver/Inc/Legacy -I../Drivers/CMSIS/Device/ST/STM32F1xx/Include -I../Drivers/CMSIS/Include -I"F:/projectWork/3rd/3rd/Core/Lib/Inc" -O0 -ffunction-sections -fdata-sections -Wall -fstack-usage -MMD -MP -MF"Core/Src/stm32f1xx_it.d" -MT"Core/Src/stm32f1xx_it.o" --specs=nano.specs -mfloat-abi=soft -mthumb -o "Core/Src/stm32f1xx_it.o"
arm-none-eabi-gcc -o "3rd.elf" @"objects.list"   -mcpu=cortex-m3 -T"F:\projectWork\3rd\3rd\STM32F103C8TX_FLASH.ld" --specs=nosys.specs -Wl,-Map="3rd.map" -Wl,--gc-sections -static -u _printf_float --specs=nano.specs -mfloat-abi=soft -mthumb -Wl,--start-group -lc -lm -Wl,--end-group
Finished building target: 3rd.elf
 
arm-none-eabi-size   3rd.elf 
arm-none-eabi-objdump -h -S  3rd.elf  > "3rd.list"
   text	   data	    bss	    dec	    hex	filename
  39252	    500	   3148	  42900	   a794	3rd.elf
arm-none-eabi-objcopy  -O binary  3rd.elf  "3rd.bin"
Finished building: default.size.stdout
 
Finished building: 3rd.bin
 
Finished building: 3rd.list
 
23:02:43 **** Incremental Build of configuration Debug for project 3rd ****
make -j8 all 
arm-none-eabi-size   3rd.elf 
   text	   data	    bss	    dec	    hex	filename
  39252	    500	   3148	  42900	   a794	3rd.elf
Finished building: default.size.stdout
 
23:09:20 **** Incremental Build of configuration Debug for project 3rd ****
make -j8 all 
arm-none-eabi-gcc "../Core/Src/heaterController.c" -mcpu=cortex-m3 -std=gnu11 -g3 -DDEBUG -DUSE_HAL_DRIVER -DSTM32F103xB -c -I../Core/Inc -I../Drivers/STM32F1xx_HAL_Driver/Inc -I../Drivers/STM32F1xx_HAL_Driver/Inc/Legacy -I../Drivers/CMSIS/Device/ST/STM32F1xx/Include -I../Drivers/CMSIS/Include -I"F:/projectWork/3rd/3rd/Core/Lib/Inc" -O0 -ffunction-sections -fdata-sections -Wall -fstack-usage -MMD -MP -MF"Core/Src/heaterController.d" -MT"Core/Src/heaterController.o" --specs=nano.specs -mfloat-abi=soft -mthumb -o "Core/Src/heaterController.o"
arm-none-eabi-gcc "../Core/Src/oledController.c" -mcpu=cortex-m3 -std=gnu11 -g3 -DDEBUG -DUSE_HAL_DRIVER -DSTM32F103xB -c -I../Core/Inc -I../Drivers/STM32F1xx_HAL_Driver/Inc -I../Drivers/STM32F1xx_HAL_Driver/Inc/Legacy -I../Drivers/CMSIS/Device/ST/STM32F1xx/Include -I../Drivers/CMSIS/Include -I"F:/projectWork/3rd/3rd/Core/Lib/Inc" -O0 -ffunction-sections -fdata-sections -Wall -fstack-usage -MMD -MP -MF"Core/Src/oledController.d" -MT"Core/Src/oledController.o" --specs=nano.specs -mfloat-abi=soft -mthumb -o "Core/Src/oledController.o"
../Core/Src/heaterController.c: In function 'heaterOnOff':
../Core/Src/heaterController.c:62:3: warning: implicit declaration of function 'led2OnOff' [-Wimplicit-function-declaration]
   62 |   led2OnOff(ON_t);
      |   ^~~~~~~~~
arm-none-eabi-gcc -o "3rd.elf" @"objects.list"   -mcpu=cortex-m3 -T"F:\projectWork\3rd\3rd\STM32F103C8TX_FLASH.ld" --specs=nosys.specs -Wl,-Map="3rd.map" -Wl,--gc-sections -static -u _printf_float --specs=nano.specs -mfloat-abi=soft -mthumb -Wl,--start-group -lc -lm -Wl,--end-group
Finished building target: 3rd.elf
 
arm-none-eabi-size   3rd.elf 
arm-none-eabi-objdump -h -S  3rd.elf  > "3rd.list"
arm-none-eabi-objcopy  -O binary  3rd.elf  "3rd.bin"
   text	   data	    bss	    dec	    hex	filename
  39628	    500	   3148	  43276	   a90c	3rd.elf
Finished building: default.size.stdout
 
Finished building: 3rd.bin
 
Finished building: 3rd.list
 
23:09:35 **** Incremental Build of configuration Debug for project 3rd ****
make -j8 all 
arm-none-eabi-gcc "../Core/Src/heaterController.c" -mcpu=cortex-m3 -std=gnu11 -g3 -DDEBUG -DUSE_HAL_DRIVER -DSTM32F103xB -c -I../Core/Inc -I../Drivers/STM32F1xx_HAL_Driver/Inc -I../Drivers/STM32F1xx_HAL_Driver/Inc/Legacy -I../Drivers/CMSIS/Device/ST/STM32F1xx/Include -I../Drivers/CMSIS/Include -I"F:/projectWork/3rd/3rd/Core/Lib/Inc" -O0 -ffunction-sections -fdata-sections -Wall -fstack-usage -MMD -MP -MF"Core/Src/heaterController.d" -MT"Core/Src/heaterController.o" --specs=nano.specs -mfloat-abi=soft -mthumb -o "Core/Src/heaterController.o"
arm-none-eabi-gcc -o "3rd.elf" @"objects.list"   -mcpu=cortex-m3 -T"F:\projectWork\3rd\3rd\STM32F103C8TX_FLASH.ld" --specs=nosys.specs -Wl,-Map="3rd.map" -Wl,--gc-sections -static -u _printf_float --specs=nano.specs -mfloat-abi=soft -mthumb -Wl,--start-group -lc -lm -Wl,--end-group
Finished building target: 3rd.elf
 
arm-none-eabi-size   3rd.elf 
arm-none-eabi-objdump -h -S  3rd.elf  > "3rd.list"
arm-none-eabi-objcopy  -O binary  3rd.elf  "3rd.bin"
   text	   data	    bss	    dec	    hex	filename
  39628	    500	   3148	  43276	   a90c	3rd.elf
Finished building: default.size.stdout
 
Finished building: 3rd.bin
 
Finished building: 3rd.list
 
23:09:56 **** Incremental Build of configuration Debug for project 3rd ****
make -j8 all 
arm-none-eabi-size   3rd.elf 
   text	   data	    bss	    dec	    hex	filename
  39628	    500	   3148	  43276	   a90c	3rd.elf
Finished building: default.size.stdout
 
23:15:36 **** Incremental Build of configuration Debug for project 3rd ****
make -j8 all 
arm-none-eabi-gcc "../Core/Src/main.c" -mcpu=cortex-m3 -std=gnu11 -g3 -DDEBUG -DUSE_HAL_DRIVER -DSTM32F103xB -c -I../Core/Inc -I../Drivers/STM32F1xx_HAL_Driver/Inc -I../Drivers/STM32F1xx_HAL_Driver/Inc/Legacy -I../Drivers/CMSIS/Device/ST/STM32F1xx/Include -I../Drivers/CMSIS/Include -I"F:/projectWork/3rd/3rd/Core/Lib/Inc" -O0 -ffunction-sections -fdata-sections -Wall -fstack-usage -MMD -MP -MF"Core/Src/main.d" -MT"Core/Src/main.o" --specs=nano.specs -mfloat-abi=soft -mthumb -o "Core/Src/main.o"
arm-none-eabi-gcc -o "3rd.elf" @"objects.list"   -mcpu=cortex-m3 -T"F:\projectWork\3rd\3rd\STM32F103C8TX_FLASH.ld" --specs=nosys.specs -Wl,-Map="3rd.map" -Wl,--gc-sections -static -u _printf_float --specs=nano.specs -mfloat-abi=soft -mthumb -Wl,--start-group -lc -lm -Wl,--end-group
Finished building target: 3rd.elf
 
arm-none-eabi-size   3rd.elf 
arm-none-eabi-objdump -h -S  3rd.elf  > "3rd.list"
arm-none-eabi-objcopy  -O binary  3rd.elf  "3rd.bin"
   text	   data	    bss	    dec	    hex	filename
  39676	    500	   3148	  43324	   a93c	3rd.elf
Finished building: default.size.stdout
 
Finished building: 3rd.bin
 
Finished building: 3rd.list
 
23:15:47 **** Incremental Build of configuration Debug for project 3rd ****
make -j8 all 
arm-none-eabi-size   3rd.elf 
   text	   data	    bss	    dec	    hex	filename
  39676	    500	   3148	  43324	   a93c	3rd.elf
Finished building: default.size.stdout
 
23:27:59 **** Incremental Build of configuration Debug for project 3rd ****
make -j8 all 
arm-none-eabi-gcc "../Core/Src/buttonController.c" -mcpu=cortex-m3 -std=gnu11 -g3 -DDEBUG -DUSE_HAL_DRIVER -DSTM32F103xB -c -I../Core/Inc -I../Drivers/STM32F1xx_HAL_Driver/Inc -I../Drivers/STM32F1xx_HAL_Driver/Inc/Legacy -I../Drivers/CMSIS/Device/ST/STM32F1xx/Include -I../Drivers/CMSIS/Include -I"F:/projectWork/3rd/3rd/Core/Lib/Inc" -O0 -ffunction-sections -fdata-sections -Wall -fstack-usage -MMD -MP -MF"Core/Src/buttonController.d" -MT"Core/Src/buttonController.o" --specs=nano.specs -mfloat-abi=soft -mthumb -o "Core/Src/buttonController.o"
arm-none-eabi-gcc "../Core/Src/heaterController.c" -mcpu=cortex-m3 -std=gnu11 -g3 -DDEBUG -DUSE_HAL_DRIVER -DSTM32F103xB -c -I../Core/Inc -I../Drivers/STM32F1xx_HAL_Driver/Inc -I../Drivers/STM32F1xx_HAL_Driver/Inc/Legacy -I../Drivers/CMSIS/Device/ST/STM32F1xx/Include -I../Drivers/CMSIS/Include -I"F:/projectWork/3rd/3rd/Core/Lib/Inc" -O0 -ffunction-sections -fdata-sections -Wall -fstack-usage -MMD -MP -MF"Core/Src/heaterController.d" -MT"Core/Src/heaterController.o" --specs=nano.specs -mfloat-abi=soft -mthumb -o "Core/Src/heaterController.o"
arm-none-eabi-gcc "../Core/Src/main.c" -mcpu=cortex-m3 -std=gnu11 -g3 -DDEBUG -DUSE_HAL_DRIVER -DSTM32F103xB -c -I../Core/Inc -I../Drivers/STM32F1xx_HAL_Driver/Inc -I../Drivers/STM32F1xx_HAL_Driver/Inc/Legacy -I../Drivers/CMSIS/Device/ST/STM32F1xx/Include -I../Drivers/CMSIS/Include -I"F:/projectWork/3rd/3rd/Core/Lib/Inc" -O0 -ffunction-sections -fdata-sections -Wall -fstack-usage -MMD -MP -MF"Core/Src/main.d" -MT"Core/Src/main.o" --specs=nano.specs -mfloat-abi=soft -mthumb -o "Core/Src/main.o"
arm-none-eabi-gcc "../Core/Src/oledController.c" -mcpu=cortex-m3 -std=gnu11 -g3 -DDEBUG -DUSE_HAL_DRIVER -DSTM32F103xB -c -I../Core/Inc -I../Drivers/STM32F1xx_HAL_Driver/Inc -I../Drivers/STM32F1xx_HAL_Driver/Inc/Legacy -I../Drivers/CMSIS/Device/ST/STM32F1xx/Include -I../Drivers/CMSIS/Include -I"F:/projectWork/3rd/3rd/Core/Lib/Inc" -O0 -ffunction-sections -fdata-sections -Wall -fstack-usage -MMD -MP -MF"Core/Src/oledController.d" -MT"Core/Src/oledController.o" --specs=nano.specs -mfloat-abi=soft -mthumb -o "Core/Src/oledController.o"
arm-none-eabi-gcc "../Core/Src/stm32f1xx_it.c" -mcpu=cortex-m3 -std=gnu11 -g3 -DDEBUG -DUSE_HAL_DRIVER -DSTM32F103xB -c -I../Core/Inc -I../Drivers/STM32F1xx_HAL_Driver/Inc -I../Drivers/STM32F1xx_HAL_Driver/Inc/Legacy -I../Drivers/CMSIS/Device/ST/STM32F1xx/Include -I../Drivers/CMSIS/Include -I"F:/projectWork/3rd/3rd/Core/Lib/Inc" -O0 -ffunction-sections -fdata-sections -Wall -fstack-usage -MMD -MP -MF"Core/Src/stm32f1xx_it.d" -MT"Core/Src/stm32f1xx_it.o" --specs=nano.specs -mfloat-abi=soft -mthumb -o "Core/Src/stm32f1xx_it.o"
arm-none-eabi-gcc -o "3rd.elf" @"objects.list"   -mcpu=cortex-m3 -T"F:\projectWork\3rd\3rd\STM32F103C8TX_FLASH.ld" --specs=nosys.specs -Wl,-Map="3rd.map" -Wl,--gc-sections -static -u _printf_float --specs=nano.specs -mfloat-abi=soft -mthumb -Wl,--start-group -lc -lm -Wl,--end-group
Finished building target: 3rd.elf
 
arm-none-eabi-size   3rd.elf 
arm-none-eabi-objdump -h -S  3rd.elf  > "3rd.list"
arm-none-eabi-objcopy  -O binary  3rd.elf  "3rd.bin"
   text	   data	    bss	    dec	    hex	filename
  39692	    500	   3148	  43340	   a94c	3rd.elf
Finished building: default.size.stdout
 
Finished building: 3rd.bin
 
Finished building: 3rd.list
 
23:28:21 **** Incremental Build of configuration Debug for project 3rd ****
make -j8 all 
arm-none-eabi-size   3rd.elf 
   text	   data	    bss	    dec	    hex	filename
  39692	    500	   3148	  43340	   a94c	3rd.elf
Finished building: default.size.stdout
 
