ds18b20.c:34:9:isTemperSensorInit	4	static
ds18b20.c:38:9:isBusy	8	static
ds18b20.c:43:9:isConverting	4	static
ds18b20.c:48:9:Ds18b20_Init_Simple	8	static
ds18b20.c:71:6:Ds18b20_Init	16	static
ds18b20.c:107:6:StartConverting	8	static
ds18b20.c:116:6:checkConverting	8	static
ds18b20.c:122:7:getTemper	8	static
ds18b20.c:131:6:Ds18b20_ManualConvert	24	static
ds18b20.c:240:9:DS18B20_Start	16	static
ds18b20.c:259:6:DS18B20_StartAll	16	static
ds18b20.c:269:6:DS18B20_Read	56	static
ds18b20.c:374:9:DS18B20_GetResolution	24	static
ds18b20.c:401:9:DS18B20_SetResolution	32	static
ds18b20.c:466:9:DS18B20_Is	16	static
ds18b20.c:475:9:DS18B20_SetAlarmLowTemperature	32	static
ds18b20.c:526:9:DS18B20_SetAlarmHighTemperature	32	static
ds18b20.c:577:9:DS18B20_DisableAlarmTemperature	24	static
ds18b20.c:623:9:DS18B20_AlarmSearch	16	static
ds18b20.c:629:9:DS18B20_AllDone	16	static
ds18b20.c:635:7:getCurrentTemper	4	static
