onewire.c:23:9:isBusyLine	4	static
onewire.c:29:6:ONEWIRE_DELAY	16	static
onewire.c:34:6:ONEWIRE_LOW	16	static
onewire.c:38:6:ONEWIRE_HIGH	16	static
onewire.c:42:6:ONEWIRE_INPUT	32	static
onewire.c:51:6:ONEWIRE_OUTPUT	32	static
onewire.c:61:6:OneWire_Init	24	static
onewire.c:77:16:OneWire_Reset	24	static
onewire.c:100:13:OneWire_WriteBit	16	static
onewire.c:149:16:OneWire_ReadBit	24	static
onewire.c:186:6:OneWire_WriteByte	24	static
onewire.c:196:9:OneWire_ReadByte	24	static
onewire.c:206:9:OneWire_First	16	static
onewire.c:214:9:OneWire_Next	16	static
onewire.c:219:6:OneWire_ResetSearch	16	static
onewire.c:226:9:OneWire_Search	24	static
onewire.c:339:5:OneWire_Verify	48	static
onewire.c:379:6:OneWire_TargetSetup	24	static
onewire.c:393:6:OneWire_FamilySkipSetup	16	static
onewire.c:404:9:OneWire_GetROM	16	static
onewire.c:408:6:OneWire_Select	24	static
onewire.c:417:6:OneWire_SelectWithPointer	24	static
onewire.c:426:6:OneWire_GetFullROM	24	static
onewire.c:433:9:OneWire_CRC8	24	static
